Component: ARM Compiler 5.06 update 7 (build 960) Tool: armlink [4d3601]

==============================================================================

Section Cross References

    main.o(i.main) refers to misc.o(i.NVIC_PriorityGroupConfig) for NVIC_PriorityGroupConfig
    main.o(i.main) refers to bsp_uart.o(i.uart1_init) for uart1_init
    main.o(i.main) refers to bsp_led.o(i.led_init) for led_init
    main.o(i.main) refers to bsp_timer.o(i.timer6_init) for timer6_init
    main.o(i.main) refers to bsp_spi.o(i.spi1_init) for spi1_init
    main.o(i.main) refers to app_flash.o(i.W25Q64BV_init) for W25Q64BV_init
    main.o(i.main) refers to app_hmi.o(i.display_init) for display_init
    main.o(i.main) refers to app_hmi.o(i.display_init_windows) for display_init_windows
    main.o(i.main) refers to bsp_led.o(i.led_task) for led_task
    main.o(i.main) refers to bsp_uart.o(i.message_loop) for message_loop
    main.o(i.main) refers to app_hmi.o(i.display_loop) for display_loop
    system_stm32f10x.o(i.SetSysClock) refers to system_stm32f10x.o(i.SetSysClockTo72) for SetSysClockTo72
    system_stm32f10x.o(i.SystemCoreClockUpdate) refers to system_stm32f10x.o(.data) for SystemCoreClock
    system_stm32f10x.o(i.SystemInit) refers to system_stm32f10x.o(i.SetSysClock) for SetSysClock
    stm32f10x_it.o(i.HardFault_Handler) refers to bsp_uart.o(i.uart1_send_buffer) for uart1_send_buffer
    stm32f10x_it.o(i.HardFault_Handler) refers to stm32f10x_it.o(.data) for flag
    stm32f10x_it.o(i.HardFault_Handler) refers to bsp_uart.o(.bss) for USART1_Info
    stm32f10x_it.o(i.HardFault_Handler) refers to app_hmi.o(.bss) for display_info
    startup_stm32f10x_hd.o(STACK) refers (Special) to heapauxi.o(.text) for __use_two_region_memory
    startup_stm32f10x_hd.o(HEAP) refers (Special) to heapauxi.o(.text) for __use_two_region_memory
    startup_stm32f10x_hd.o(RESET) refers (Special) to heapauxi.o(.text) for __use_two_region_memory
    startup_stm32f10x_hd.o(RESET) refers to startup_stm32f10x_hd.o(STACK) for __initial_sp
    startup_stm32f10x_hd.o(RESET) refers to startup_stm32f10x_hd.o(.text) for Reset_Handler
    startup_stm32f10x_hd.o(RESET) refers to stm32f10x_it.o(i.NMI_Handler) for NMI_Handler
    startup_stm32f10x_hd.o(RESET) refers to stm32f10x_it.o(i.HardFault_Handler) for HardFault_Handler
    startup_stm32f10x_hd.o(RESET) refers to stm32f10x_it.o(i.MemManage_Handler) for MemManage_Handler
    startup_stm32f10x_hd.o(RESET) refers to stm32f10x_it.o(i.BusFault_Handler) for BusFault_Handler
    startup_stm32f10x_hd.o(RESET) refers to stm32f10x_it.o(i.UsageFault_Handler) for UsageFault_Handler
    startup_stm32f10x_hd.o(RESET) refers to stm32f10x_it.o(i.SVC_Handler) for SVC_Handler
    startup_stm32f10x_hd.o(RESET) refers to stm32f10x_it.o(i.DebugMon_Handler) for DebugMon_Handler
    startup_stm32f10x_hd.o(RESET) refers to stm32f10x_it.o(i.PendSV_Handler) for PendSV_Handler
    startup_stm32f10x_hd.o(RESET) refers to stm32f10x_it.o(i.SysTick_Handler) for SysTick_Handler
    startup_stm32f10x_hd.o(RESET) refers to bsp_fsmc.o(i.DMA1_Channel4_IRQHandler) for DMA1_Channel4_IRQHandler
    startup_stm32f10x_hd.o(RESET) refers to bsp_uart.o(i.USART1_IRQHandler) for USART1_IRQHandler
    startup_stm32f10x_hd.o(RESET) refers to bsp_timer.o(i.TIM6_IRQHandler) for TIM6_IRQHandler
    startup_stm32f10x_hd.o(.text) refers (Special) to heapauxi.o(.text) for __use_two_region_memory
    startup_stm32f10x_hd.o(.text) refers to system_stm32f10x.o(i.SystemInit) for SystemInit
    startup_stm32f10x_hd.o(.text) refers to __main.o(!!!main) for __main
    startup_stm32f10x_hd.o(.text) refers to startup_stm32f10x_hd.o(HEAP) for Heap_Mem
    startup_stm32f10x_hd.o(.text) refers to startup_stm32f10x_hd.o(STACK) for Stack_Mem
    stm32f10x_adc.o(i.ADC_DeInit) refers to stm32f10x_rcc.o(i.RCC_APB2PeriphResetCmd) for RCC_APB2PeriphResetCmd
    stm32f10x_bkp.o(i.BKP_DeInit) refers to stm32f10x_rcc.o(i.RCC_BackupResetCmd) for RCC_BackupResetCmd
    stm32f10x_can.o(i.CAN_DeInit) refers to stm32f10x_rcc.o(i.RCC_APB1PeriphResetCmd) for RCC_APB1PeriphResetCmd
    stm32f10x_can.o(i.CAN_GetITStatus) refers to stm32f10x_can.o(i.CheckITStatus) for CheckITStatus
    stm32f10x_cec.o(i.CEC_DeInit) refers to stm32f10x_rcc.o(i.RCC_APB1PeriphResetCmd) for RCC_APB1PeriphResetCmd
    stm32f10x_dac.o(i.DAC_DeInit) refers to stm32f10x_rcc.o(i.RCC_APB1PeriphResetCmd) for RCC_APB1PeriphResetCmd
    stm32f10x_flash.o(i.FLASH_EnableWriteProtection) refers to stm32f10x_flash.o(i.FLASH_WaitForLastOperation) for FLASH_WaitForLastOperation
    stm32f10x_flash.o(i.FLASH_EraseAllBank1Pages) refers to stm32f10x_flash.o(i.FLASH_WaitForLastBank1Operation) for FLASH_WaitForLastBank1Operation
    stm32f10x_flash.o(i.FLASH_EraseAllPages) refers to stm32f10x_flash.o(i.FLASH_WaitForLastOperation) for FLASH_WaitForLastOperation
[...]
    Removing stm32f10x_usart.o(i.USART_HalfDuplexCmd), (24 bytes).
    Removing stm32f10x_usart.o(i.USART_IrDACmd), (24 bytes).
    Removing stm32f10x_usart.o(i.USART_IrDAConfig), (18 bytes).
    Removing stm32f10x_usart.o(i.USART_LINBreakDetectLengthConfig), (18 bytes).
    Removing stm32f10x_usart.o(i.USART_LINCmd), (24 bytes).
    Removing stm32f10x_usart.o(i.USART_OneBitMethodCmd), (24 bytes).
    Removing stm32f10x_usart.o(i.USART_OverSampling8Cmd), (22 bytes).
    Removing stm32f10x_usart.o(i.USART_ReceiverWakeUpCmd), (24 bytes).
    Removing stm32f10x_usart.o(i.USART_SendBreak), (10 bytes).
    Removing stm32f10x_usart.o(i.USART_SetAddress), (18 bytes).
    Removing stm32f10x_usart.o(i.USART_SetGuardTime), (16 bytes).
    Removing stm32f10x_usart.o(i.USART_SetPrescaler), (16 bytes).
    Removing stm32f10x_usart.o(i.USART_SmartCardCmd), (24 bytes).
    Removing stm32f10x_usart.o(i.USART_SmartCardNACKCmd), (24 bytes).
    Removing stm32f10x_usart.o(i.USART_StructInit), (24 bytes).
    Removing stm32f10x_usart.o(i.USART_WakeUpConfig), (18 bytes).
    Removing stm32f10x_wwdg.o(i.WWDG_ClearFlag), (12 bytes).
    Removing stm32f10x_wwdg.o(i.WWDG_DeInit), (22 bytes).
    Removing stm32f10x_wwdg.o(i.WWDG_Enable), (16 bytes).
    Removing stm32f10x_wwdg.o(i.WWDG_EnableIT), (12 bytes).
    Removing stm32f10x_wwdg.o(i.WWDG_GetFlagStatus), (12 bytes).
    Removing stm32f10x_wwdg.o(i.WWDG_SetCounter), (16 bytes).
    Removing stm32f10x_wwdg.o(i.WWDG_SetPrescaler), (24 bytes).
    Removing stm32f10x_wwdg.o(i.WWDG_SetWindowValue), (40 bytes).
    Removing bsp_spi.o(i.spi1_dma_send_buffer), (2 bytes).
    Removing bsp_uart.o(i.fputc), (28 bytes).
    Removing app_flash.o(i.W25Q64BV_buffer_read), (80 bytes).
    Removing app_flash.o(i.W25Q64BV_buffer_write), (288 bytes).
    Removing app_flash.o(i.W25Q64BV_chip_erase), (44 bytes).
    Removing app_flash.o(i.W25Q64BV_page_write), (96 bytes).
    Removing app_flash.o(i.W25Q64BV_power_down), (32 bytes).
    Removing app_flash.o(i.W25Q64BV_sector_erase), (64 bytes).
    Removing app_flash.o(i.W25Q64BV_wait_write_end), (52 bytes).
    Removing app_flash.o(i.W25Q64BV_wake_up), (32 bytes).
    Removing app_flash.o(i.W25Q64BV_write_enable), (32 bytes).
    Removing app_flash.o(.data), (1 bytes).
    Removing app_time.o(i.timer_remaining), (28 bytes).
    Removing app_time.o(i.timer_reset), (20 bytes).
    Removing app_hmi.o(i.display_clear), (52 bytes).
    Removing app_hmi.o(i.display_refresh), (56 bytes).

450 unused section(s) (total 17610 bytes) removed from the image.

==============================================================================

Image Symbol Table

    Local Symbols

    Symbol Name                              Value     Ov Type        Size  Object(Section)

    ../clib/angel/boardlib.s                 0x00000000   Number         0  boardshut.o ABSOLUTE
    ../clib/angel/boardlib.s                 0x00000000   Number         0  boardinit2.o ABSOLUTE
    ../clib/angel/boardlib.s                 0x00000000   Number         0  boardinit1.o ABSOLUTE
    ../clib/angel/boardlib.s                 0x00000000   Number         0  boardinit3.o ABSOLUTE
    ../clib/angel/handlers.s                 0x00000000   Number         0  __scatter_zi.o ABSOLUTE
    ../clib/angel/handlers.s                 0x00000000   Number         0  __scatter_copy.o ABSOLUTE
    ../clib/angel/kernel.s                   0x00000000   Number         0  __rtentry.o ABSOLUTE
    ../clib/angel/kernel.s                   0x00000000   Number         0  __rtentry2.o ABSOLUTE
    ../clib/angel/kernel.s                   0x00000000   Number         0  __rtentry4.o ABSOLUTE
    ../clib/angel/kernel.s                   0x00000000   Number         0  rtexit.o ABSOLUTE
    ../clib/angel/kernel.s                   0x00000000   Number         0  rtexit2.o ABSOLUTE
    ../clib/angel/rt.s                       0x00000000   Number         0  rt_raise.o ABSOLUTE
    ../clib/angel/scatter.s                  0x00000000   Number         0  __scatter.o ABSOLUTE
    ../clib/angel/startup.s                  0x00000000   Number         0  __main.o ABSOLUTE
    ../clib/angel/sys.s                      0x00000000   Number         0  use_no_semi_2.o ABSOLUTE
    ../clib/angel/sys.s                      0x00000000   Number         0  libspace.o ABSOLUTE
    ../clib/angel/sys.s                      0x00000000   Number         0  indicate_semi.o ABSOLUTE
    ../clib/angel/sys.s                      0x00000000   Number         0  sys_stackheap_outer.o ABSOLUTE
    ../clib/angel/sys.s                      0x00000000   Number         0  use_no_semi.o ABSOLUTE
    ../clib/angel/sysapp.c                   0x00000000   Number         0  sys_command.o ABSOLUTE
    ../clib/angel/sysapp.c                   0x00000000   Number         0  sys_wrch.o ABSOLUTE
    ../clib/armsys.c                         0x00000000   Number         0  no_argv.o ABSOLUTE
    ../clib/armsys.c                         0x00000000   Number         0  argv_veneer.o ABSOLUTE
    ../clib/armsys.c                         0x00000000   Number         0  _get_argv_nomalloc.o ABSOLUTE
    ../clib/armsys.c                         0x00000000   Number         0  argv_veneer.o ABSOLUTE
    ../clib/heapalloc.c                      0x00000000   Number         0  hrguard.o ABSOLUTE
    ../clib/heapaux.c                        0x00000000   Number         0  heapauxi.o ABSOLUTE
    ../clib/libinit.s                        0x00000000   Number         0  libinit2.o ABSOLUTE
    ../clib/libinit.s                        0x00000000   Number         0  libshutdown.o ABSOLUTE
    ../clib/libinit.s                        0x00000000   Number         0  libshutdown2.o ABSOLUTE
    ../clib/libinit.s                        0x00000000   Number         0  libinit.o ABSOLUTE
    ../clib/memcpset.s                       0x00000000   Number         0  rt_memclr_w.o ABSOLUTE
    ../clib/memcpset.s                       0x00000000   Number         0  rt_memcpy_w.o ABSOLUTE
    ../clib/memcpset.s                       0x00000000   Number         0  rt_memclr.o ABSOLUTE
    ../clib/memcpset.s                       0x00000000   Number         0  rt_memcpy_v6.o ABSOLUTE
    ../clib/signal.c                         0x00000000   Number         0  defsig_general.o ABSOLUTE
    ../clib/signal.c                         0x00000000   Number         0  defsig_rtmem_formal.o ABSOLUTE
    ../clib/signal.c                         0x00000000   Number         0  defsig_abrt_inner.o ABSOLUTE
    ../clib/signal.c                         0x00000000   Number         0  defsig_fpe_inner.o ABSOLUTE
    ../clib/signal.c                         0x00000000   Number         0  defsig_rtred_inner.o ABSOLUTE
    ../clib/signal.c                         0x00000000   Number         0  defsig_rtmem_inner.o ABSOLUTE
    ../clib/signal.c                         0x00000000   Number         0  defsig_stak_inner.o ABSOLUTE
    ../clib/signal.c                         0x00000000   Number         0  defsig_pvfn_inner.o ABSOLUTE
    ../clib/signal.c                         0x00000000   Number         0  defsig_cppl_inner.o ABSOLUTE
    ../clib/signal.c                         0x00000000   Number         0  defsig_segv_inner.o ABSOLUTE
    ../clib/signal.c                         0x00000000   Number         0  defsig_rtmem_outer.o ABSOLUTE
    ../clib/signal.c                         0x00000000   Number         0  defsig_other.o ABSOLUTE
    ../clib/signal.c                         0x00000000   Number         0  __raise.o ABSOLUTE
    ../clib/signal.c                         0x00000000   Number         0  defsig_exit.o ABSOLUTE
    ../clib/signal.s                         0x00000000   Number         0  defsig.o ABSOLUTE
    ../clib/stdlib.c                         0x00000000   Number         0  exit.o ABSOLUTE
    ../clib/string.c                         0x00000000   Number         0  strlen.o ABSOLUTE
    ../fplib/fpinit.s                        0x00000000   Number         0  fpinit.o ABSOLUTE
    ..\APP\src\app_flash.c                   0x00000000   Number         0  app_flash.o ABSOLUTE
    ..\APP\src\app_hmi.c                     0x00000000   Number         0  app_hmi.o ABSOLUTE
    ..\APP\src\app_time.c                    0x00000000   Number         0  app_time.o ABSOLUTE
    ..\APP\src\font.c                        0x00000000   Number         0  font.o ABSOLUTE
    ..\BSP\src\bsp_fsmc.c                    0x00000000   Number         0  bsp_fsmc.o ABSOLUTE
    ..\BSP\src\bsp_led.c                     0x00000000   Number         0  bsp_led.o ABSOLUTE
    ..\BSP\src\bsp_spi.c                     0x00000000   Number         0  bsp_spi.o ABSOLUTE
    ..\BSP\src\bsp_timer.c                   0x00000000   Number         0  bsp_timer.o ABSOLUTE
    ..\BSP\src\bsp_uart.c                    0x00000000   Number         0  bsp_uart.o ABSOLUTE
    ..\STM32F10x\CORE\core_cm3.c             0x00000000   Number         0  core_cm3.o ABSOLUTE
    ..\STM32F10x\CORE\startup_stm32f10x_hd.s 0x00000000   Number         0  startup_stm32f10x_hd.o ABSOLUTE
    ..\STM32F10x\FWLib\src\misc.c            0x00000000   Number         0  misc.o ABSOLUTE
    ..\STM32F10x\FWLib\src\stm32f10x_adc.c   0x00000000   Number         0  stm32f10x_adc.o ABSOLUTE
    ..\STM32F10x\FWLib\src\stm32f10x_bkp.c   0x00000000   Number         0  stm32f10x_bkp.o ABSOLUTE
    ..\STM32F10x\FWLib\src\stm32f10x_can.c   0x00000000   Number         0  stm32f10x_can.o ABSOLUTE
    ..\STM32F10x\FWLib\src\stm32f10x_cec.c   0x00000000   Number         0  stm32f10x_cec.o ABSOLUTE
    ..\STM32F10x\FWLib\src\stm32f10x_crc.c   0x00000000   Number         0  stm32f10x_crc.o ABSOLUTE
    ..\STM32F10x\FWLib\src\stm32f10x_dac.c   0x00000000   Number         0  stm32f10x_dac.o ABSOLUTE
    ..\STM32F10x\FWLib\src\stm32f10x_dbgmcu.c 0x00000000   Number         0  stm32f10x_dbgmcu.o ABSOLUTE
    ..\STM32F10x\FWLib\src\stm32f10x_dma.c   0x00000000   Number         0  stm32f10x_dma.o ABSOLUTE
    ..\STM32F10x\FWLib\src\stm32f10x_exti.c  0x00000000   Number         0  stm32f10x_exti.o ABSOLUTE
    ..\STM32F10x\FWLib\src\stm32f10x_flash.c 0x00000000   Number         0  stm32f10x_flash.o ABSOLUTE
    ..\STM32F10x\FWLib\src\stm32f10x_fsmc.c  0x00000000   Number         0  stm32f10x_fsmc.o ABSOLUTE
    ..\STM32F10x\FWLib\src\stm32f10x_gpio.c  0x00000000   Number         0  stm32f10x_gpio.o ABSOLUTE
    ..\STM32F10x\FWLib\src\stm32f10x_i2c.c   0x00000000   Number         0  stm32f10x_i2c.o ABSOLUTE
    ..\STM32F10x\FWLib\src\stm32f10x_it.c    0x00000000   Number         0  stm32f10x_it.o ABSOLUTE
    ..\STM32F10x\FWLib\src\stm32f10x_iwdg.c  0x00000000   Number         0  stm32f10x_iwdg.o ABSOLUTE
    ..\STM32F10x\FWLib\src\stm32f10x_pwr.c   0x00000000   Number         0  stm32f10x_pwr.o ABSOLUTE
    ..\STM32F10x\FWLib\src\stm32f10x_rcc.c   0x00000000   Number         0  stm32f10x_rcc.o ABSOLUTE
    ..\STM32F10x\FWLib\src\stm32f10x_rtc.c   0x00000000   Number         0  stm32f10x_rtc.o ABSOLUTE
    ..\STM32F10x\FWLib\src\stm32f10x_sdio.c  0x00000000   Number         0  stm32f10x_sdio.o ABSOLUTE
    ..\STM32F10x\FWLib\src\stm32f10x_spi.c   0x00000000   Number         0  stm32f10x_spi.o ABSOLUTE
    ..\STM32F10x\FWLib\src\stm32f10x_tim.c   0x00000000   Number         0  stm32f10x_tim.o ABSOLUTE
    ..\STM32F10x\FWLib\src\stm32f10x_usart.c 0x00000000   Number         0  stm32f10x_usart.o ABSOLUTE
    ..\STM32F10x\FWLib\src\stm32f10x_wwdg.c  0x00000000   Number         0  stm32f10x_wwdg.o ABSOLUTE
    ..\STM32F10x\FWLib\src\system_stm32f10x.c 0x00000000   Number         0  system_stm32f10x.o ABSOLUTE
    ..\\STM32F10x\\CORE\\core_cm3.c          0x00000000   Number         0  core_cm3.o ABSOLUTE
    dc.s                                     0x00000000   Number         0  dc.o ABSOLUTE
    main.c                                   0x00000000   Number         0  main.o ABSOLUTE
    RESET                                    0x08000000   Section      304  startup_stm32f10x_hd.o(RESET)
    !!!main                                  0x08000130   Section        8  __main.o(!!!main)
    !!!scatter                               0x08000138   Section       52  __scatter.o(!!!scatter)
    !!handler_copy                           0x0800016c   Section       26  __scatter_copy.o(!!handler_copy)
    !!handler_zi                             0x08000188   Section       28  __scatter_zi.o(!!handler_zi)
    .ARM.Collect$$libinit$$00000000          0x080001a4   Section        2  libinit.o(.ARM.Collect$$libinit$$00000000)
    .ARM.Collect$$libinit$$00000002          0x080001a6   Section        0  libinit2.o(.ARM.Collect$$libinit$$00000002)
    .ARM.Collect$$libinit$$00000004          0x080001a6   Section        0  libinit2.o(.ARM.Collect$$libinit$$00000004)
    .ARM.Collect$$libinit$$0000000A          0x080001a6   Section        0  libinit2.o(.ARM.Collect$$libinit$$0000000A)
    .ARM.Collect$$libinit$$0000000C          0x080001a6   Section        0  libinit2.o(.ARM.Collect$$libinit$$0000000C)
    .ARM.Collect$$libinit$$0000000E          0x080001a6   Section        0  libinit2.o(.ARM.Collect$$libinit$$0000000E)
    .ARM.Collect$$libinit$$00000011          0x080001a6   Section        0  libinit2.o(.ARM.Collect$$libinit$$00000011)
    .ARM.Collect$$libinit$$00000013          0x080001a6   Section        0  libinit2.o(.ARM.Collect$$libinit$$00000013)
    .ARM.Collect$$libinit$$00000015          0x080001a6   Section        0  libinit2.o(.ARM.Collect$$libinit$$00000015)
    .ARM.Collect$$libinit$$00000017          0x080001a6   Section        0  libinit2.o(.ARM.Collect$$libinit$$00000017)
    .ARM.Collect$$libinit$$00000019          0x080001a6   Section        0  libinit2.o(.ARM.Collect$$libinit$$00000019)
    .ARM.Collect$$libinit$$0000001B          0x080001a6   Section        0  libinit2.o(.ARM.Collect$$libinit$$0000001B)
    .ARM.Collect$$libinit$$0000001D          0x080001a6   Section        0  libinit2.o(.ARM.Collect$$libinit$$0000001D)
    .ARM.Collect$$libinit$$0000001F          0x080001a6   Section        0  libinit2.o(.ARM.Collect$$libinit$$0000001F)
    .ARM.Collect$$libinit$$00000021          0x080001a6   Section        0  libinit2.o(.ARM.Collect$$libinit$$00000021)
    .ARM.Collect$$libinit$$00000023          0x080001a6   Section        0  libinit2.o(.ARM.Collect$$libinit$$00000023)
    .ARM.Collect$$libinit$$00000025          0x080001a6   Section        0  libinit2.o(.ARM.Collect$$libinit$$00000025)
    .ARM.Collect$$libinit$$0000002C          0x080001a6   Section        0  libinit2.o(.ARM.Collect$$libinit$$0000002C)
    .ARM.Collect$$libinit$$0000002E          0x080001a6   Section        0  libinit2.o(.ARM.Collect$$libinit$$0000002E)
    .ARM.Collect$$libinit$$00000030          0x080001a6   Section        0  libinit2.o(.ARM.Collect$$libinit$$00000030)
    .ARM.Collect$$libinit$$00000032          0x080001a6   Section        0  libinit2.o(.ARM.Collect$$libinit$$00000032)
    .ARM.Collect$$libinit$$00000033          0x080001a6   Section        2  libinit2.o(.ARM.Collect$$libinit$$00000033)
    .ARM.Collect$$libshutdown$$00000000      0x080001a8   Section        2  libshutdown.o(.ARM.Collect$$libshutdown$$00000000)
    .ARM.Collect$$libshutdown$$00000002      0x080001aa   Section        0  libshutdown2.o(.ARM.Collect$$libshutdown$$00000002)
    .ARM.Collect$$libshutdown$$00000004      0x080001aa   Section        0  libshutdown2.o(.ARM.Collect$$libshutdown$$00000004)
    .ARM.Collect$$libshutdown$$00000006      0x080001aa   Section        0  libshutdown2.o(.ARM.Collect$$libshutdown$$00000006)
    .ARM.Collect$$libshutdown$$00000009      0x080001aa   Section        0  libshutdown2.o(.ARM.Collect$$libshutdown$$00000009)
    .ARM.Collect$$libshutdown$$0000000C      0x080001aa   Section        0  libshutdown2.o(.ARM.Collect$$libshutdown$$0000000C)
    .ARM.Collect$$libshutdown$$0000000E      0x080001aa   Section        0  libshutdown2.o(.ARM.Collect$$libshutdown$$0000000E)
    .ARM.Collect$$libshutdown$$00000011      0x080001aa   Section        0  libshutdown2.o(.ARM.Collect$$libshutdown$$00000011)
    .ARM.Collect$$libshutdown$$00000012      0x080001aa   Section        2  libshutdown2.o(.ARM.Collect$$libshutdown$$00000012)
    .ARM.Collect$$rtentry$$00000000          0x080001ac   Section        0  __rtentry.o(.ARM.Collect$$rtentry$$00000000)
    .ARM.Collect$$rtentry$$00000002          0x080001ac   Section        0  __rtentry2.o(.ARM.Collect$$rtentry$$00000002)
    .ARM.Collect$$rtentry$$00000004          0x080001ac   Section        6  __rtentry4.o(.ARM.Collect$$rtentry$$00000004)
    .ARM.Collect$$rtentry$$00000009          0x080001b2   Section        0  __rtentry2.o(.ARM.Collect$$rtentry$$00000009)
    .ARM.Collect$$rtentry$$0000000A          0x080001b2   Section        4  __rtentry2.o(.ARM.Collect$$rtentry$$0000000A)
    .ARM.Collect$$rtentry$$0000000C          0x080001b6   Section        0  __rtentry2.o(.ARM.Collect$$rtentry$$0000000C)
    .ARM.Collect$$rtentry$$0000000D          0x080001b6   Section        8  __rtentry2.o(.ARM.Collect$$rtentry$$0000000D)
    .ARM.Collect$$rtexit$$00000000           0x080001be   Section        2  rtexit.o(.ARM.Collect$$rtexit$$00000000)
    .ARM.Collect$$rtexit$$00000002           0x080001c0   Section        0  rtexit2.o(.ARM.Collect$$rtexit$$00000002)
    .ARM.Collect$$rtexit$$00000003           0x080001c0   Section        4  rtexit2.o(.ARM.Collect$$rtexit$$00000003)
    .ARM.Collect$$rtexit$$00000004           0x080001c4   Section        6  rtexit2.o(.ARM.Collect$$rtexit$$00000004)
    .text                                    0x080001cc   Section       64  startup_stm32f10x_hd.o(.text)
    .text                                    0x0800020c   Section        2  use_no_semi_2.o(.text)
    .text                                    0x0800020e   Section        0  strlen.o(.text)
    .text                                    0x0800024c   Section      138  rt_memcpy_v6.o(.text)
    .text                                    0x080002d6   Section       68  rt_memclr.o(.text)
    .text                                    0x0800031a   Section        0  heapauxi.o(.text)
    .text                                    0x08000320   Section        2  use_no_semi.o(.text)
    .text                                    0x08000322   Section      100  rt_memcpy_w.o(.text)
    .text                                    0x08000386   Section       78  rt_memclr_w.o(.text)
    .text                                    0x080003d4   Section       74  sys_stackheap_outer.o(.text)
    .text                                    0x0800041e   Section        0  exit.o(.text)
    .text                                    0x08000430   Section        8  libspace.o(.text)
    i.BusFault_Handler                       0x08000438   Section        0  stm32f10x_it.o(i.BusFault_Handler)
    i.DMA1_Channel4_IRQHandler               0x0800043c   Section        0  bsp_fsmc.o(i.DMA1_Channel4_IRQHandler)
    i.DMA_ClearITPendingBit                  0x0800045c   Section        0  stm32f10x_dma.o(i.DMA_ClearITPendingBit)
    i.DMA_Cmd                                0x08000478   Section        0  stm32f10x_dma.o(i.DMA_Cmd)
    i.DMA_GetCurrDataCounter                 0x08000490   Section        0  stm32f10x_dma.o(i.DMA_GetCurrDataCounter)
    i.DMA_GetITStatus                        0x08000498   Section        0  stm32f10x_dma.o(i.DMA_GetITStatus)
    i.DMA_ITConfig                           0x080004c4   Section        0  stm32f10x_dma.o(i.DMA_ITConfig)
    i.DMA_Init                               0x080004d6   Section        0  stm32f10x_dma.o(i.DMA_Init)
    i.DMA_SetCurrDataCounter                 0x08000512   Section        0  stm32f10x_dma.o(i.DMA_SetCurrDataCounter)
    i.DebugMon_Handler                       0x08000516   Section        0  stm32f10x_it.o(i.DebugMon_Handler)
    i.FSMC_NORSRAMCmd                        0x08000518   Section        0  stm32f10x_fsmc.o(i.FSMC_NORSRAMCmd)
    i.FSMC_NORSRAMInit                       0x0800054c   Section        0  stm32f10x_fsmc.o(i.FSMC_NORSRAMInit)
    i.GPIO_Init                              0x08000632   Section        0  stm32f10x_gpio.o(i.GPIO_Init)
    i.GPIO_PinRemapConfig                    0x08000748   Section        0  stm32f10x_gpio.o(i.GPIO_PinRemapConfig)
    i.GPIO_ResetBits                         0x080007d8   Section        0  stm32f10x_gpio.o(i.GPIO_ResetBits)
    i.GPIO_SetBits                           0x080007dc   Section        0  stm32f10x_gpio.o(i.GPIO_SetBits)
    i.HardFault_Handler                      0x080007e0   Section        0  stm32f10x_it.o(i.HardFault_Handler)
    i.MemManage_Handler                      0x08000834   Section        0  stm32f10x_it.o(i.MemManage_Handler)
    i.NMI_Handler                            0x08000838   Section        0  stm32f10x_it.o(i.NMI_Handler)
    i.NVIC_Init                              0x0800083c   Section        0  misc.o(i.NVIC_Init)
    i.NVIC_PriorityGroupConfig               0x080008ac   Section        0  misc.o(i.NVIC_PriorityGroupConfig)
    i.PendSV_Handler                         0x080008c0   Section        0  stm32f10x_it.o(i.PendSV_Handler)
    i.RCC_AHBPeriphClockCmd                  0x080008c4   Section        0  stm32f10x_rcc.o(i.RCC_AHBPeriphClockCmd)
    i.RCC_APB1PeriphClockCmd                 0x080008e4   Section        0  stm32f10x_rcc.o(i.RCC_APB1PeriphClockCmd)
    i.RCC_APB2PeriphClockCmd                 0x08000904   Section        0  stm32f10x_rcc.o(i.RCC_APB2PeriphClockCmd)
    i.RCC_GetClocksFreq                      0x08000924   Section        0  stm32f10x_rcc.o(i.RCC_GetClocksFreq)
    i.SPI_Cmd                                0x080009f8   Section        0  stm32f10x_spi.o(i.SPI_Cmd)
    i.SPI_Init                               0x08000a10   Section        0  stm32f10x_spi.o(i.SPI_Init)
    i.SVC_Handler                            0x08000a4c   Section        0  stm32f10x_it.o(i.SVC_Handler)
    i.SetSysClock                            0x08000a4e   Section        0  system_stm32f10x.o(i.SetSysClock)
    SetSysClock                              0x08000a4f   Thumb Code     8  system_stm32f10x.o(i.SetSysClock)
    i.SetSysClockTo72                        0x08000a58   Section        0  system_stm32f10x.o(i.SetSysClockTo72)
    SetSysClockTo72                          0x08000a59   Thumb Code   214  system_stm32f10x.o(i.SetSysClockTo72)
    i.SysTick_Handler                        0x08000b38   Section        0  stm32f10x_it.o(i.SysTick_Handler)
    i.SystemInit                             0x08000b3c   Section        0  system_stm32f10x.o(i.SystemInit)
    i.TIM6_IRQHandler                        0x08000b9c   Section        0  bsp_timer.o(i.TIM6_IRQHandler)
    i.TIM_ARRPreloadConfig                   0x08000bbc   Section        0  stm32f10x_tim.o(i.TIM_ARRPreloadConfig)
    i.TIM_ClearFlag                          0x08000bd4   Section        0  stm32f10x_tim.o(i.TIM_ClearFlag)
    i.TIM_ClearITPendingBit                  0x08000bda   Section        0  stm32f10x_tim.o(i.TIM_ClearITPendingBit)
    i.TIM_Cmd                                0x08000be0   Section        0  stm32f10x_tim.o(i.TIM_Cmd)
    i.TIM_GetITStatus                        0x08000bf8   Section        0  stm32f10x_tim.o(i.TIM_GetITStatus)
    i.TIM_ITConfig                           0x08000c1a   Section        0  stm32f10x_tim.o(i.TIM_ITConfig)
    i.TIM_OC2Init                            0x08000c2c   Section        0  stm32f10x_tim.o(i.TIM_OC2Init)
    i.TIM_OC2PreloadConfig                   0x08000cd0   Section        0  stm32f10x_tim.o(i.TIM_OC2PreloadConfig)
    i.TIM_OC3Init                            0x08000cec   Section        0  stm32f10x_tim.o(i.TIM_OC3Init)
    i.TIM_OC3PreloadConfig                   0x08000d8c   Section        0  stm32f10x_tim.o(i.TIM_OC3PreloadConfig)
    i.TIM_OC4Init                            0x08000da0   Section        0  stm32f10x_tim.o(i.TIM_OC4Init)
    i.TIM_OC4PreloadConfig                   0x08000e1c   Section        0  stm32f10x_tim.o(i.TIM_OC4PreloadConfig)
    i.TIM_TimeBaseInit                       0x08000e38   Section        0  stm32f10x_tim.o(i.TIM_TimeBaseInit)
    i.USART1_IRQHandler                      0x08000edc   Section        0  bsp_uart.o(i.USART1_IRQHandler)
    i.USART_ClearITPendingBit                0x08000f3c   Section        0  stm32f10x_usart.o(i.USART_ClearITPendingBit)
    i.USART_Cmd                              0x08000f5a   Section        0  stm32f10x_usart.o(i.USART_Cmd)
    i.USART_DMACmd                           0x08000f72   Section        0  stm32f10x_usart.o(i.USART_DMACmd)
    i.USART_GetFlagStatus                    0x08000f84   Section        0  stm32f10x_usart.o(i.USART_GetFlagStatus)
    i.USART_GetITStatus                      0x08000f9e   Section        0  stm32f10x_usart.o(i.USART_GetITStatus)
    i.USART_ITConfig                         0x08000ff2   Section        0  stm32f10x_usart.o(i.USART_ITConfig)
    i.USART_Init                             0x0800103c   Section        0  stm32f10x_usart.o(i.USART_Init)
    i.USART_ReceiveData                      0x08001114   Section        0  stm32f10x_usart.o(i.USART_ReceiveData)
    i.USART_SendData                         0x0800111e   Section        0  stm32f10x_usart.o(i.USART_SendData)
    i.UsageFault_Handler                     0x08001126   Section        0  stm32f10x_it.o(i.UsageFault_Handler)
    i.W25Q64BV_init                          0x0800112c   Section        0  app_flash.o(i.W25Q64BV_init)
    i.W25Q64BV_read_jedce_ID                 0x08001154   Section        0  app_flash.o(i.W25Q64BV_read_jedce_ID)
    i._sys_exit                              0x0800119c   Section        0  bsp_uart.o(i._sys_exit)
    i.clock_time                             0x080011a0   Section        0  app_time.o(i.clock_time)
    i.deal_cmd_boot                          0x080011ac   Section        0  bsp_uart.o(i.deal_cmd_boot)
    deal_cmd_boot                            0x080011ad   Thumb Code    12  bsp_uart.o(i.deal_cmd_boot)
    i.deal_cmd_display_event                 0x080011bc   Section        0  bsp_uart.o(i.deal_cmd_display_event)
    deal_cmd_display_event                   0x080011bd   Thumb Code   118  bsp_uart.o(i.deal_cmd_display_event)
    i.deal_cmd_heart_beat                    0x08001238   Section        0  bsp_uart.o(i.deal_cmd_heart_beat)
    deal_cmd_heart_beat                      0x08001239   Thumb Code     2  bsp_uart.o(i.deal_cmd_heart_beat)
    i.deal_cmd_receive_pic                   0x0800123c   Section        0  bsp_uart.o(i.deal_cmd_receive_pic)
    deal_cmd_receive_pic                     0x0800123d   Thumb Code   172  bsp_uart.o(i.deal_cmd_receive_pic)
    i.deal_key_event                         0x080012f0   Section        0  app_hmi.o(i.deal_key_event)
    i.deal_led_set_cmd                       0x080013d0   Section        0  bsp_uart.o(i.deal_led_set_cmd)
    deal_led_set_cmd                         0x080013d1   Thumb Code    86  bsp_uart.o(i.deal_led_set_cmd)
    i.display_backled_control                0x0800142c   Section        0  app_hmi.o(i.display_backled_control)
    i.display_delay                          0x08001450   Section        0  app_hmi.o(i.display_delay)
    i.display_gram_scan                      0x08001460   Section        0  app_hmi.o(i.display_gram_scan)
    i.display_init                           0x080014f0   Section        0  app_hmi.o(i.display_init)
    i.display_init_windows                   0x08001520   Section        0  app_hmi.o(i.display_init_windows)
    i.display_loop                           0x08001690   Section        0  app_hmi.o(i.display_loop)
    i.display_open_window                    0x080017fc   Section        0  app_hmi.o(i.display_open_window)
    i.display_read_ID                        0x08001854   Section        0  app_hmi.o(i.display_read_ID)
    i.display_read_data                      0x080018b8   Section        0  app_hmi.o(i.display_read_data)
    i.display_reg_config                     0x080018c4   Section        0  app_hmi.o(i.display_reg_config)
    display_reg_config                       0x080018c5   Thumb Code   572  app_hmi.o(i.display_reg_config)
    i.display_reset                          0x08001b08   Section        0  app_hmi.o(i.display_reset)
    i.display_show_char                      0x08001b30   Section        0  app_hmi.o(i.display_show_char)
    i.display_show_index                     0x08001bdc   Section        0  app_hmi.o(i.display_show_index)
    i.display_show_str                       0x08001c34   Section        0  app_hmi.o(i.display_show_str)
    i.display_write_cmd                      0x08001c90   Section        0  app_hmi.o(i.display_write_cmd)
    i.display_write_data                     0x08001c98   Section        0  app_hmi.o(i.display_write_data)
    i.fsmc_dma_config                        0x08001ca4   Section        0  bsp_fsmc.o(i.fsmc_dma_config)
    i.fsmc_dma_send                          0x08001d28   Section        0  bsp_fsmc.o(i.fsmc_dma_send)
    i.fsmc_gpio_config                       0x08001d4c   Section        0  bsp_fsmc.o(i.fsmc_gpio_config)
    i.fsmc_mode_config                       0x08001fc0   Section        0  bsp_fsmc.o(i.fsmc_mode_config)
    i.led_init                               0x0800202c   Section        0  bsp_led.o(i.led_init)
    i.led_set_color                          0x08002158   Section        0  bsp_led.o(i.led_set_color)
    led_set_color                            0x08002159   Thumb Code    26  bsp_led.o(i.led_set_color)
    i.led_switch                             0x0800217c   Section        0  bsp_led.o(i.led_switch)
    led_switch                               0x0800217d   Thumb Code    56  bsp_led.o(i.led_switch)
    i.led_task                               0x080021bc   Section        0  bsp_led.o(i.led_task)
    i.main                                   0x08002284   Section        0  main.o(i.main)
    i.message_deal                           0x080022b8   Section        0  bsp_uart.o(i.message_deal)
    message_deal                             0x080022b9   Thumb Code   306  bsp_uart.o(i.message_deal)
    i.message_find_head                      0x080023f0   Section        0  bsp_uart.o(i.message_find_head)
    i.message_loop                           0x08002428   Section        0  bsp_uart.o(i.message_loop)
    i.message_send                           0x08002448   Section        0  bsp_uart.o(i.message_send)
    message_send                             0x08002449   Thumb Code    12  bsp_uart.o(i.message_send)
    i.ring_buffer_empty_or_full              0x08002454   Section        0  bsp_uart.o(i.ring_buffer_empty_or_full)
    i.ring_buffer_get_data                   0x08002488   Section        0  bsp_uart.o(i.ring_buffer_get_data)
    i.ring_buffer_peek_data                  0x080024cc   Section        0  bsp_uart.o(i.ring_buffer_peek_data)
    i.ring_buffer_push_data                  0x08002502   Section        0  bsp_uart.o(i.ring_buffer_push_data)
    i.send_boot                              0x0800255c   Section        0  bsp_uart.o(i.send_boot)
    send_boot                                0x0800255d   Thumb Code   310  bsp_uart.o(i.send_boot)
    i.send_heart_beat                        0x080026a0   Section        0  bsp_uart.o(i.send_heart_beat)
    send_heart_beat                          0x080026a1   Thumb Code   110  bsp_uart.o(i.send_heart_beat)
    i.spi1_gpio_config                       0x08002728   Section        0  bsp_spi.o(i.spi1_gpio_config)
    spi1_gpio_config                         0x08002729   Thumb Code   114  bsp_spi.o(i.spi1_gpio_config)
    i.spi1_init                              0x080027a4   Section        0  bsp_spi.o(i.spi1_init)
    i.spi1_mode_config                       0x080027b0   Section        0  bsp_spi.o(i.spi1_mode_config)
    spi1_mode_config                         0x080027b1   Thumb Code    88  bsp_spi.o(i.spi1_mode_config)
    i.spi1_send_byte                         0x0800280c   Section        0  bsp_spi.o(i.spi1_send_byte)
    i.timer6_init                            0x0800283c   Section        0  bsp_timer.o(i.timer6_init)
    i.timer_expired                          0x0800289c   Section        0  app_time.o(i.timer_expired)
    i.timer_restart                          0x080028c6   Section        0  app_time.o(i.timer_restart)
    i.timer_set                              0x080028d4   Section        0  app_time.o(i.timer_set)
    i.timer_update                           0x080028e8   Section        0  app_time.o(i.timer_update)
    i.uart1_gpio_config                      0x08002900   Section        0  bsp_uart.o(i.uart1_gpio_config)
    uart1_gpio_config                        0x08002901   Thumb Code    62  bsp_uart.o(i.uart1_gpio_config)
    i.uart1_init                             0x08002944   Section        0  bsp_uart.o(i.uart1_init)
    i.uart1_mode_config                      0x0800297c   Section        0  bsp_uart.o(i.uart1_mode_config)
    uart1_mode_config                        0x0800297d   Thumb Code   238  bsp_uart.o(i.uart1_mode_config)
    i.uart1_send_buffer                      0x08002a78   Section        0  bsp_uart.o(i.uart1_send_buffer)
    .constdata                               0x08002ae4   Section     1520  font.o(.constdata)
    .conststring                             0x080030d4   Section       21  bsp_uart.o(.conststring)
    .data                                    0x20000000   Section        1  stm32f10x_it.o(.data)
    flag                                     0x20000000   Data           1  stm32f10x_it.o(.data)
    .data                                    0x20000001   Section       20  stm32f10x_rcc.o(.data)
    APBAHBPrescTable                         0x20000001   Data          16  stm32f10x_rcc.o(.data)
    ADCPrescTable                            0x20000011   Data           4  stm32f10x_rcc.o(.data)
    .data                                    0x20000015   Section        2  bsp_led.o(.data)
    blink_sta                                0x20000015   Data           1  bsp_led.o(.data)
    led_flag                                 0x20000016   Data           1  bsp_led.o(.data)
    .data                                    0x20000018   Section       21  bsp_uart.o(.data)
    temp_index                               0x2000002a   Data           2  bsp_uart.o(.data)
    heatr_beat                               0x2000002c   Data           1  bsp_uart.o(.data)
    .data                                    0x20000030   Section        8  app_time.o(.data)
    .data                                    0x20000038   Section        7  app_hmi.o(.data)
    .data                                    0x20000040   Section        8  font.o(.data)
    .bss                                     0x20000048   Section       48  bsp_led.o(.bss)
    .bss                                     0x20000078   Section      446  bsp_uart.o(.bss)
    .bss                                     0x20000238   Section    38600  app_hmi.o(.bss)
    .bss                                     0x20009900   Section       96  libspace.o(.bss)
    HEAP                                     0x20009960   Section     1024  startup_stm32f10x_hd.o(HEAP)
    Heap_Mem                                 0x20009960   Data        1024  startup_stm32f10x_hd.o(HEAP)
    STACK                                    0x20009d60   Section     1536  startup_stm32f10x_hd.o(STACK)
    Stack_Mem                                0x20009d60   Data        1536  startup_stm32f10x_hd.o(STACK)
    __initial_sp                             0x2000a360   Data           0  startup_stm32f10x_hd.o(STACK)

    Global Symbols

    Symbol Name                              Value     Ov Type        Size  Object(Section)

    BuildAttributes$$THM_ISAv4$P$D$K$B$S$PE$A:L22UL41UL21$X:L11$S22US41US21$IEEE1$IW$USESV6$~STKCKD$USESV7$~SHL$OSPACE$ROPI$EBA8$UX$STANDARDLIB$REQ8$PRES8$EABIv2 0x00000000   Number         0  anon$$obj.o ABSOLUTE
    __ARM_use_no_argv                        0x00000000   Number         0  main.o ABSOLUTE
    __ARM_exceptions_init                     - Undefined Weak Reference
    __alloca_initialize                       - Undefined Weak Reference
    __arm_fini_                               - Undefined Weak Reference
    __arm_preinit_                            - Undefined Weak Reference
    __cpp_initialize__aeabi_                  - Undefined Weak Reference
    __cxa_finalize                            - Undefined Weak Reference
    __rt_locale                               - Undefined Weak Reference
    __sigvec_lookup                           - Undefined Weak Reference
    _atexit_init                              - Undefined Weak Reference
    _call_atexit_fns                          - Undefined Weak Reference
    _clock_init                               - Undefined Weak Reference
    _fp_trap_init                             - Undefined Weak Reference
    _fp_trap_shutdown                         - Undefined Weak Reference
    _get_lc_collate                           - Undefined Weak Reference
    _get_lc_ctype                             - Undefined Weak Reference
    _get_lc_monetary                          - Undefined Weak Reference
    _get_lc_numeric                           - Undefined Weak Reference
    _get_lc_time                              - Undefined Weak Reference
    _getenv_init                              - Undefined Weak Reference
    _handle_redirection                       - Undefined Weak Reference
    _init_alloc                               - Undefined Weak Reference
    _init_user_alloc                          - Undefined Weak Reference
    _initio                                   - Undefined Weak Reference
    _rand_init                                - Undefined Weak Reference
    _signal_finish                            - Undefined Weak Reference
    _signal_init                              - Undefined Weak Reference
    _terminate_alloc                          - Undefined Weak Reference
    _terminate_user_alloc                     - Undefined Weak Reference
    _terminateio                              - Undefined Weak Reference
    __Vectors_Size                           0x00000130   Number         0  startup_stm32f10x_hd.o ABSOLUTE
    __Vectors                                0x08000000   Data           4  startup_stm32f10x_hd.o(RESET)
    __Vectors_End                            0x08000130   Data           0  startup_stm32f10x_hd.o(RESET)
    __main                                   0x08000131   Thumb Code     8  __main.o(!!!main)
    __scatterload                            0x08000139   Thumb Code     0  __scatter.o(!!!scatter)
    __scatterload_rt2                        0x08000139   Thumb Code    44  __scatter.o(!!!scatter)
    __scatterload_rt2_thumb_only             0x08000139   Thumb Code     0  __scatter.o(!!!scatter)
    __scatterload_null                       0x08000147   Thumb Code     0  __scatter.o(!!!scatter)
    __scatterload_copy                       0x0800016d   Thumb Code    26  __scatter_copy.o(!!handler_copy)
    __scatterload_zeroinit                   0x08000189   Thumb Code    28  __scatter_zi.o(!!handler_zi)
    __rt_lib_init                            0x080001a5   Thumb Code     0  libinit.o(.ARM.Collect$$libinit$$00000000)
    __rt_lib_init_alloca_1                   0x080001a7   Thumb Code     0  libinit2.o(.ARM.Collect$$libinit$$0000002E)
    __rt_lib_init_argv_1                     0x080001a7   Thumb Code     0  libinit2.o(.ARM.Collect$$libinit$$0000002C)
    __rt_lib_init_atexit_1                   0x080001a7   Thumb Code     0  libinit2.o(.ARM.Collect$$libinit$$0000001B)
    __rt_lib_init_clock_1                    0x080001a7   Thumb Code     0  libinit2.o(.ARM.Collect$$libinit$$00000021)
    __rt_lib_init_cpp_1                      0x080001a7   Thumb Code     0  libinit2.o(.ARM.Collect$$libinit$$00000032)
    __rt_lib_init_exceptions_1               0x080001a7   Thumb Code     0  libinit2.o(.ARM.Collect$$libinit$$00000030)
    __rt_lib_init_fp_1                       0x080001a7   Thumb Code     0  libinit2.o(.ARM.Collect$$libinit$$00000002)
    __rt_lib_init_fp_trap_1                  0x080001a7   Thumb Code     0  libinit2.o(.ARM.Collect$$libinit$$0000001F)
    __rt_lib_init_getenv_1                   0x080001a7   Thumb Code     0  libinit2.o(.ARM.Collect$$libinit$$00000023)
    __rt_lib_init_heap_1                     0x080001a7   Thumb Code     0  libinit2.o(.ARM.Collect$$libinit$$0000000A)
    __rt_lib_init_lc_collate_1               0x080001a7   Thumb Code     0  libinit2.o(.ARM.Collect$$libinit$$00000011)
    __rt_lib_init_lc_ctype_1                 0x080001a7   Thumb Code     0  libinit2.o(.ARM.Collect$$libinit$$00000013)
    __rt_lib_init_lc_monetary_1              0x080001a7   Thumb Code     0  libinit2.o(.ARM.Collect$$libinit$$00000015)
    __rt_lib_init_lc_numeric_1               0x080001a7   Thumb Code     0  libinit2.o(.ARM.Collect$$libinit$$00000017)
    __rt_lib_init_lc_time_1                  0x080001a7   Thumb Code     0  libinit2.o(.ARM.Collect$$libinit$$00000019)
    __rt_lib_init_preinit_1                  0x080001a7   Thumb Code     0  libinit2.o(.ARM.Collect$$libinit$$00000004)
    __rt_lib_init_rand_1                     0x080001a7   Thumb Code     0  libinit2.o(.ARM.Collect$$libinit$$0000000E)
    __rt_lib_init_return                     0x080001a7   Thumb Code     0  libinit2.o(.ARM.Collect$$libinit$$00000033)
    __rt_lib_init_signal_1                   0x080001a7   Thumb Code     0  libinit2.o(.ARM.Collect$$libinit$$0000001D)
    __rt_lib_init_stdio_1                    0x080001a7   Thumb Code     0  libinit2.o(.ARM.Collect$$libinit$$00000025)
    __rt_lib_init_user_alloc_1               0x080001a7   Thumb Code     0  libinit2.o(.ARM.Collect$$libinit$$0000000C)
    __rt_lib_shutdown                        0x080001a9   Thumb Code     0  libshutdown.o(.ARM.Collect$$libshutdown$$00000000)
    __rt_lib_shutdown_cpp_1                  0x080001ab   Thumb Code     0  libshutdown2.o(.ARM.Collect$$libshutdown$$00000004)
    __rt_lib_shutdown_fini_1                 0x080001ab   Thumb Code     0  libshutdown2.o(.ARM.Collect$$libshutdown$$00000002)
    __rt_lib_shutdown_fp_trap_1              0x080001ab   Thumb Code     0  libshutdown2.o(.ARM.Collect$$libshutdown$$00000009)
    __rt_lib_shutdown_heap_1                 0x080001ab   Thumb Code     0  libshutdown2.o(.ARM.Collect$$libshutdown$$00000011)
    __rt_lib_shutdown_return                 0x080001ab   Thumb Code     0  libshutdown2.o(.ARM.Collect$$libshutdown$$00000012)
    __rt_lib_shutdown_signal_1               0x080001ab   Thumb Code     0  libshutdown2.o(.ARM.Collect$$libshutdown$$0000000C)
    __rt_lib_shutdown_stdio_1                0x080001ab   Thumb Code     0  libshutdown2.o(.ARM.Collect$$libshutdown$$00000006)
    __rt_lib_shutdown_user_alloc_1           0x080001ab   Thumb Code     0  libshutdown2.o(.ARM.Collect$$libshutdown$$0000000E)
    __rt_entry                               0x080001ad   Thumb Code     0  __rtentry.o(.ARM.Collect$$rtentry$$00000000)
    __rt_entry_presh_1                       0x080001ad   Thumb Code     0  __rtentry2.o(.ARM.Collect$$rtentry$$00000002)
    __rt_entry_sh                            0x080001ad   Thumb Code     0  __rtentry4.o(.ARM.Collect$$rtentry$$00000004)
    __rt_entry_li                            0x080001b3   Thumb Code     0  __rtentry2.o(.ARM.Collect$$rtentry$$0000000A)
    __rt_entry_postsh_1                      0x080001b3   Thumb Code     0  __rtentry2.o(.ARM.Collect$$rtentry$$00000009)
    __rt_entry_main                          0x080001b7   Thumb Code     0  __rtentry2.o(.ARM.Collect$$rtentry$$0000000D)
    __rt_entry_postli_1                      0x080001b7   Thumb Code     0  __rtentry2.o(.ARM.Collect$$rtentry$$0000000C)
    __rt_exit                                0x080001bf   Thumb Code     0  rtexit.o(.ARM.Collect$$rtexit$$00000000)
    __rt_exit_ls                             0x080001c1   Thumb Code     0  rtexit2.o(.ARM.Collect$$rtexit$$00000003)
    __rt_exit_prels_1                        0x080001c1   Thumb Code     0  rtexit2.o(.ARM.Collect$$rtexit$$00000002)
    __rt_exit_exit                           0x080001c5   Thumb Code     0  rtexit2.o(.ARM.Collect$$rtexit$$00000004)
    Reset_Handler                            0x080001cd   Thumb Code     8  startup_stm32f10x_hd.o(.text)
    ADC1_2_IRQHandler                        0x080001e7   Thumb Code     0  startup_stm32f10x_hd.o(.text)
    ADC3_IRQHandler                          0x080001e7   Thumb Code     0  startup_stm32f10x_hd.o(.text)
    CAN1_RX1_IRQHandler                      0x080001e7   Thumb Code     0  startup_stm32f10x_hd.o(.text)
    CAN1_SCE_IRQHandler                      0x080001e7   Thumb Code     0  startup_stm32f10x_hd.o(.text)
    DMA1_Channel1_IRQHandler                 0x080001e7   Thumb Code     0  startup_stm32f10x_hd.o(.text)
    DMA1_Channel2_IRQHandler                 0x080001e7   Thumb Code     0  startup_stm32f10x_hd.o(.text)
    DMA1_Channel3_IRQHandler                 0x080001e7   Thumb Code     0  startup_stm32f10x_hd.o(.text)
    DMA1_Channel5_IRQHandler                 0x080001e7   Thumb Code     0  startup_stm32f10x_hd.o(.text)
    DMA1_Channel6_IRQHandler                 0x080001e7   Thumb Code     0  startup_stm32f10x_hd.o(.text)
    DMA1_Channel7_IRQHandler                 0x080001e7   Thumb Code     0  startup_stm32f10x_hd.o(.text)
    DMA2_Channel1_IRQHandler                 0x080001e7   Thumb Code     0  startup_stm32f10x_hd.o(.text)
    DMA2_Channel2_IRQHandler                 0x080001e7   Thumb Code     0  startup_stm32f10x_hd.o(.text)
    DMA2_Channel3_IRQHandler                 0x080001e7   Thumb Code     0  startup_stm32f10x_hd.o(.text)
    DMA2_Channel4_5_IRQHandler               0x080001e7   Thumb Code     0  startup_stm32f10x_hd.o(.text)
    EXTI0_IRQHandler                         0x080001e7   Thumb Code     0  startup_stm32f10x_hd.o(.text)
    EXTI15_10_IRQHandler                     0x080001e7   Thumb Code     0  startup_stm32f10x_hd.o(.text)
    EXTI1_IRQHandler                         0x080001e7   Thumb Code     0  startup_stm32f10x_hd.o(.text)
    EXTI2_IRQHandler                         0x080001e7   Thumb Code     0  startup_stm32f10x_hd.o(.text)
    EXTI3_IRQHandler                         0x080001e7   Thumb Code     0  startup_stm32f10x_hd.o(.text)
    EXTI4_IRQHandler                         0x080001e7   Thumb Code     0  startup_stm32f10x_hd.o(.text)
    EXTI9_5_IRQHandler                       0x080001e7   Thumb Code     0  startup_stm32f10x_hd.o(.text)
    FLASH_IRQHandler                         0x080001e7   Thumb Code     0  startup_stm32f10x_hd.o(.text)
    FSMC_IRQHandler                          0x080001e7   Thumb Code     0  startup_stm32f10x_hd.o(.text)
    I2C1_ER_IRQHandler                       0x080001e7   Thumb Code     0  startup_stm32f10x_hd.o(.text)
    I2C1_EV_IRQHandler                       0x080001e7   Thumb Code     0  startup_stm32f10x_hd.o(.text)
    I2C2_ER_IRQHandler                       0x080001e7   Thumb Code     0  startup_stm32f10x_hd.o(.text)
    I2C2_EV_IRQHandler                       0x080001e7   Thumb Code     0  startup_stm32f10x_hd.o(.text)
    PVD_IRQHandler                           0x080001e7   Thumb Code     0  startup_stm32f10x_hd.o(.text)
    RCC_IRQHandler                           0x080001e7   Thumb Code     0  startup_stm32f10x_hd.o(.text)
    RTCAlarm_IRQHandler                      0x080001e7   Thumb Code     0  startup_stm32f10x_hd.o(.text)
    RTC_IRQHandler                           0x080001e7   Thumb Code     0  startup_stm32f10x_hd.o(.text)
    SDIO_IRQHandler                          0x080001e7   Thumb Code     0  startup_stm32f10x_hd.o(.text)
    SPI1_IRQHandler                          0x080001e7   Thumb Code     0  startup_stm32f10x_hd.o(.text)
    SPI2_IRQHandler                          0x080001e7   Thumb Code     0  startup_stm32f10x_hd.o(.text)
    SPI3_IRQHandler                          0x080001e7   Thumb Code     0  startup_stm32f10x_hd.o(.text)
    TAMPER_IRQHandler                        0x080001e7   Thumb Code     0  startup_stm32f10x_hd.o(.text)
    TIM1_BRK_IRQHandler                      0x080001e7   Thumb Code     0  startup_stm32f10x_hd.o(.text)
    TIM1_CC_IRQHandler                       0x080001e7   Thumb Code     0  startup_stm32f10x_hd.o(.text)
    TIM1_TRG_COM_IRQHandler                  0x080001e7   Thumb Code     0  startup_stm32f10x_hd.o(.text)
    TIM1_UP_IRQHandler                       0x080001e7   Thumb Code     0  startup_stm32f10x_hd.o(.text)
    TIM2_IRQHandler                          0x080001e7   Thumb Code     0  startup_stm32f10x_hd.o(.text)
    TIM3_IRQHandler                          0x080001e7   Thumb Code     0  startup_stm32f10x_hd.o(.text)
    TIM4_IRQHandler                          0x080001e7   Thumb Code     0  startup_stm32f10x_hd.o(.text)
    TIM5_IRQHandler                          0x080001e7   Thumb Code     0  startup_stm32f10x_hd.o(.text)
    TIM7_IRQHandler                          0x080001e7   Thumb Code     0  startup_stm32f10x_hd.o(.text)
    TIM8_BRK_IRQHandler                      0x080001e7   Thumb Code     0  startup_stm32f10x_hd.o(.text)
    TIM8_CC_IRQHandler                       0x080001e7   Thumb Code     0  startup_stm32f10x_hd.o(.text)
    TIM8_TRG_COM_IRQHandler                  0x080001e7   Thumb Code     0  startup_stm32f10x_hd.o(.text)
    TIM8_UP_IRQHandler                       0x080001e7   Thumb Code     0  startup_stm32f10x_hd.o(.text)
    UART4_IRQHandler                         0x080001e7   Thumb Code     0  startup_stm32f10x_hd.o(.text)
    UART5_IRQHandler                         0x080001e7   Thumb Code     0  startup_stm32f10x_hd.o(.text)
    USART2_IRQHandler                        0x080001e7   Thumb Code     0  startup_stm32f10x_hd.o(.text)
    USART3_IRQHandler                        0x080001e7   Thumb Code     0  startup_stm32f10x_hd.o(.text)
    USBWakeUp_IRQHandler                     0x080001e7   Thumb Code     0  startup_stm32f10x_hd.o(.text)
    USB_HP_CAN1_TX_IRQHandler                0x080001e7   Thumb Code     0  startup_stm32f10x_hd.o(.text)
    USB_LP_CAN1_RX0_IRQHandler               0x080001e7   Thumb Code     0  startup_stm32f10x_hd.o(.text)
    WWDG_IRQHandler                          0x080001e7   Thumb Code     0  startup_stm32f10x_hd.o(.text)
    __user_initial_stackheap                 0x080001e9   Thumb Code     0  startup_stm32f10x_hd.o(.text)
    __use_no_semihosting                     0x0800020d   Thumb Code     2  use_no_semi_2.o(.text)
    strlen                                   0x0800020f   Thumb Code    62  strlen.o(.text)
    __aeabi_memcpy                           0x0800024d   Thumb Code     0  rt_memcpy_v6.o(.text)
    __rt_memcpy                              0x0800024d   Thumb Code   138  rt_memcpy_v6.o(.text)
    _memcpy_lastbytes                        0x080002b3   Thumb Code     0  rt_memcpy_v6.o(.text)
    __aeabi_memclr                           0x080002d7   Thumb Code     0  rt_memclr.o(.text)
    __rt_memclr                              0x080002d7   Thumb Code    68  rt_memclr.o(.text)
    _memset                                  0x080002db   Thumb Code     0  rt_memclr.o(.text)
    __use_two_region_memory                  0x0800031b   Thumb Code     2  heapauxi.o(.text)
    __rt_heap_escrow$2region                 0x0800031d   Thumb Code     2  heapauxi.o(.text)
    __rt_heap_expand$2region                 0x0800031f   Thumb Code     2  heapauxi.o(.text)
    __I$use$semihosting                      0x08000321   Thumb Code     0  use_no_semi.o(.text)
    __use_no_semihosting_swi                 0x08000321   Thumb Code     2  use_no_semi.o(.text)
    __aeabi_memcpy4                          0x08000323   Thumb Code     0  rt_memcpy_w.o(.text)
    __aeabi_memcpy8                          0x08000323   Thumb Code     0  rt_memcpy_w.o(.text)
    __rt_memcpy_w                            0x08000323   Thumb Code   100  rt_memcpy_w.o(.text)
    _memcpy_lastbytes_aligned                0x0800036b   Thumb Code     0  rt_memcpy_w.o(.text)
    __aeabi_memclr4                          0x08000387   Thumb Code     0  rt_memclr_w.o(.text)
    __aeabi_memclr8                          0x08000387   Thumb Code     0  rt_memclr_w.o(.text)
    __rt_memclr_w                            0x08000387   Thumb Code    78  rt_memclr_w.o(.text)
    _memset_w                                0x0800038b   Thumb Code     0  rt_memclr_w.o(.text)
    __user_setup_stackheap                   0x080003d5   Thumb Code    74  sys_stackheap_outer.o(.text)
    exit                                     0x0800041f   Thumb Code    18  exit.o(.text)
    __user_libspace                          0x08000431   Thumb Code     8  libspace.o(.text)
    __user_perproc_libspace                  0x08000431   Thumb Code     0  libspace.o(.text)
    __user_perthread_libspace                0x08000431   Thumb Code     0  libspace.o(.text)
    BusFault_Handler                         0x08000439   Thumb Code     4  stm32f10x_it.o(i.BusFault_Handler)
    DMA1_Channel4_IRQHandler                 0x0800043d   Thumb Code    26  bsp_fsmc.o(i.DMA1_Channel4_IRQHandler)
    DMA_ClearITPendingBit                    0x0800045d   Thumb Code    18  stm32f10x_dma.o(i.DMA_ClearITPendingBit)
    DMA_Cmd                                  0x08000479   Thumb Code    24  stm32f10x_dma.o(i.DMA_Cmd)
    DMA_GetCurrDataCounter                   0x08000491   Thumb Code     8  stm32f10x_dma.o(i.DMA_GetCurrDataCounter)
    DMA_GetITStatus                          0x08000499   Thumb Code    36  stm32f10x_dma.o(i.DMA_GetITStatus)
    DMA_ITConfig                             0x080004c5   Thumb Code    18  stm32f10x_dma.o(i.DMA_ITConfig)
    DMA_Init                                 0x080004d7   Thumb Code    60  stm32f10x_dma.o(i.DMA_Init)
    DMA_SetCurrDataCounter                   0x08000513   Thumb Code     4  stm32f10x_dma.o(i.DMA_SetCurrDataCounter)
    DebugMon_Handler                         0x08000517   Thumb Code     2  stm32f10x_it.o(i.DebugMon_Handler)
    FSMC_NORSRAMCmd                          0x08000519   Thumb Code    46  stm32f10x_fsmc.o(i.FSMC_NORSRAMCmd)
    FSMC_NORSRAMInit                         0x0800054d   Thumb Code   230  stm32f10x_fsmc.o(i.FSMC_NORSRAMInit)
    GPIO_Init                                0x08000633   Thumb Code   278  stm32f10x_gpio.o(i.GPIO_Init)
    GPIO_PinRemapConfig                      0x08000749   Thumb Code   138  stm32f10x_gpio.o(i.GPIO_PinRemapConfig)
    GPIO_ResetBits                           0x080007d9   Thumb Code     4  stm32f10x_gpio.o(i.GPIO_ResetBits)
    GPIO_SetBits                             0x080007dd   Thumb Code     4  stm32f10x_gpio.o(i.GPIO_SetBits)
    HardFault_Handler                        0x080007e1   Thumb Code    70  stm32f10x_it.o(i.HardFault_Handler)
    MemManage_Handler                        0x08000835   Thumb Code     4  stm32f10x_it.o(i.MemManage_Handler)
    NMI_Handler                              0x08000839   Thumb Code     2  stm32f10x_it.o(i.NMI_Handler)
    NVIC_Init                                0x0800083d   Thumb Code   100  misc.o(i.NVIC_Init)
    NVIC_PriorityGroupConfig                 0x080008ad   Thumb Code    10  misc.o(i.NVIC_PriorityGroupConfig)
    PendSV_Handler                           0x080008c1   Thumb Code     2  stm32f10x_it.o(i.PendSV_Handler)
    RCC_AHBPeriphClockCmd                    0x080008c5   Thumb Code    26  stm32f10x_rcc.o(i.RCC_AHBPeriphClockCmd)
    RCC_APB1PeriphClockCmd                   0x080008e5   Thumb Code    26  stm32f10x_rcc.o(i.RCC_APB1PeriphClockCmd)
    RCC_APB2PeriphClockCmd                   0x08000905   Thumb Code    26  stm32f10x_rcc.o(i.RCC_APB2PeriphClockCmd)
    RCC_GetClocksFreq                        0x08000925   Thumb Code   192  stm32f10x_rcc.o(i.RCC_GetClocksFreq)
    SPI_Cmd                                  0x080009f9   Thumb Code    24  stm32f10x_spi.o(i.SPI_Cmd)
    SPI_Init                                 0x08000a11   Thumb Code    60  stm32f10x_spi.o(i.SPI_Init)
    SVC_Handler                              0x08000a4d   Thumb Code     2  stm32f10x_it.o(i.SVC_Handler)
    SysTick_Handler                          0x08000b39   Thumb Code     2  stm32f10x_it.o(i.SysTick_Handler)
    SystemInit                               0x08000b3d   Thumb Code    78  system_stm32f10x.o(i.SystemInit)
    TIM6_IRQHandler                          0x08000b9d   Thumb Code    28  bsp_timer.o(i.TIM6_IRQHandler)
    TIM_ARRPreloadConfig                     0x08000bbd   Thumb Code    24  stm32f10x_tim.o(i.TIM_ARRPreloadConfig)
    TIM_ClearFlag                            0x08000bd5   Thumb Code     6  stm32f10x_tim.o(i.TIM_ClearFlag)
    TIM_ClearITPendingBit                    0x08000bdb   Thumb Code     6  stm32f10x_tim.o(i.TIM_ClearITPendingBit)
    TIM_Cmd                                  0x08000be1   Thumb Code    24  stm32f10x_tim.o(i.TIM_Cmd)
    TIM_GetITStatus                          0x08000bf9   Thumb Code    34  stm32f10x_tim.o(i.TIM_GetITStatus)
    TIM_ITConfig                             0x08000c1b   Thumb Code    18  stm32f10x_tim.o(i.TIM_ITConfig)
    TIM_OC2Init                              0x08000c2d   Thumb Code   154  stm32f10x_tim.o(i.TIM_OC2Init)
    TIM_OC2PreloadConfig                     0x08000cd1   Thumb Code    26  stm32f10x_tim.o(i.TIM_OC2PreloadConfig)
    TIM_OC3Init                              0x08000ced   Thumb Code   150  stm32f10x_tim.o(i.TIM_OC3Init)
    TIM_OC3PreloadConfig                     0x08000d8d   Thumb Code    18  stm32f10x_tim.o(i.TIM_OC3PreloadConfig)
    TIM_OC4Init                              0x08000da1   Thumb Code   114  stm32f10x_tim.o(i.TIM_OC4Init)
    TIM_OC4PreloadConfig                     0x08000e1d   Thumb Code    26  stm32f10x_tim.o(i.TIM_OC4PreloadConfig)
    TIM_TimeBaseInit                         0x08000e39   Thumb Code   122  stm32f10x_tim.o(i.TIM_TimeBaseInit)
    USART1_IRQHandler                        0x08000edd   Thumb Code    84  bsp_uart.o(i.USART1_IRQHandler)
    USART_ClearITPendingBit                  0x08000f3d   Thumb Code    30  stm32f10x_usart.o(i.USART_ClearITPendingBit)
    USART_Cmd                                0x08000f5b   Thumb Code    24  stm32f10x_usart.o(i.USART_Cmd)
    USART_DMACmd                             0x08000f73   Thumb Code    18  stm32f10x_usart.o(i.USART_DMACmd)
    USART_GetFlagStatus                      0x08000f85   Thumb Code    26  stm32f10x_usart.o(i.USART_GetFlagStatus)
    USART_GetITStatus                        0x08000f9f   Thumb Code    84  stm32f10x_usart.o(i.USART_GetITStatus)
    USART_ITConfig                           0x08000ff3   Thumb Code    74  stm32f10x_usart.o(i.USART_ITConfig)
    USART_Init                               0x0800103d   Thumb Code   210  stm32f10x_usart.o(i.USART_Init)
    USART_ReceiveData                        0x08001115   Thumb Code    10  stm32f10x_usart.o(i.USART_ReceiveData)
    USART_SendData                           0x0800111f   Thumb Code     8  stm32f10x_usart.o(i.USART_SendData)
    UsageFault_Handler                       0x08001127   Thumb Code     4  stm32f10x_it.o(i.UsageFault_Handler)
    W25Q64BV_init                            0x0800112d   Thumb Code    34  app_flash.o(i.W25Q64BV_init)
    W25Q64BV_read_jedce_ID                   0x08001155   Thumb Code    66  app_flash.o(i.W25Q64BV_read_jedce_ID)
    _sys_exit                                0x0800119d   Thumb Code     4  bsp_uart.o(i._sys_exit)
    clock_time                               0x080011a1   Thumb Code     6  app_time.o(i.clock_time)
    deal_key_event                           0x080012f1   Thumb Code   220  app_hmi.o(i.deal_key_event)
    display_backled_control                  0x0800142d   Thumb Code    30  app_hmi.o(i.display_backled_control)
    display_delay                            0x08001451   Thumb Code    16  app_hmi.o(i.display_delay)
    display_gram_scan                        0x08001461   Thumb Code   140  app_hmi.o(i.display_gram_scan)
    display_init                             0x080014f1   Thumb Code    40  app_hmi.o(i.display_init)
    display_init_windows                     0x08001521   Thumb Code   184  app_hmi.o(i.display_init_windows)
    display_loop                             0x08001691   Thumb Code   352  app_hmi.o(i.display_loop)
    display_open_window                      0x080017fd   Thumb Code    88  app_hmi.o(i.display_open_window)
    display_read_ID                          0x08001855   Thumb Code   100  app_hmi.o(i.display_read_ID)
    display_read_data                        0x080018b9   Thumb Code     6  app_hmi.o(i.display_read_data)
    display_reset                            0x08001b09   Thumb Code    32  app_hmi.o(i.display_reset)
    display_show_char                        0x08001b31   Thumb Code   162  app_hmi.o(i.display_show_char)
    display_show_index                       0x08001bdd   Thumb Code    80  app_hmi.o(i.display_show_index)
    display_show_str                         0x08001c35   Thumb Code    86  app_hmi.o(i.display_show_str)
    display_write_cmd                        0x08001c91   Thumb Code     8  app_hmi.o(i.display_write_cmd)
    display_write_data                       0x08001c99   Thumb Code     6  app_hmi.o(i.display_write_data)
    fsmc_dma_config                          0x08001ca5   Thumb Code   120  bsp_fsmc.o(i.fsmc_dma_config)
    fsmc_dma_send                            0x08001d29   Thumb Code    30  bsp_fsmc.o(i.fsmc_dma_send)
    fsmc_gpio_config                         0x08001d4d   Thumb Code   620  bsp_fsmc.o(i.fsmc_gpio_config)
    fsmc_mode_config                         0x08001fc1   Thumb Code   106  bsp_fsmc.o(i.fsmc_mode_config)
    led_init                                 0x0800202d   Thumb Code   276  bsp_led.o(i.led_init)
    led_task                                 0x080021bd   Thumb Code   188  bsp_led.o(i.led_task)
    main                                     0x08002285   Thumb Code    52  main.o(i.main)
    message_find_head                        0x080023f1   Thumb Code    54  bsp_uart.o(i.message_find_head)
    message_loop                             0x08002429   Thumb Code    26  bsp_uart.o(i.message_loop)
    ring_buffer_empty_or_full                0x08002455   Thumb Code    52  bsp_uart.o(i.ring_buffer_empty_or_full)
    ring_buffer_get_data                     0x08002489   Thumb Code    68  bsp_uart.o(i.ring_buffer_get_data)
    ring_buffer_peek_data                    0x080024cd   Thumb Code    54  bsp_uart.o(i.ring_buffer_peek_data)
    ring_buffer_push_data                    0x08002503   Thumb Code    90  bsp_uart.o(i.ring_buffer_push_data)
    spi1_init                                0x080027a5   Thumb Code    12  bsp_spi.o(i.spi1_init)
    spi1_send_byte                           0x0800280d   Thumb Code    42  bsp_spi.o(i.spi1_send_byte)
    timer6_init                              0x0800283d   Thumb Code    90  bsp_timer.o(i.timer6_init)
    timer_expired                            0x0800289d   Thumb Code    42  app_time.o(i.timer_expired)
    timer_restart                            0x080028c7   Thumb Code    14  app_time.o(i.timer_restart)
    timer_set                                0x080028d5   Thumb Code    18  app_time.o(i.timer_set)
    timer_update                             0x080028e9   Thumb Code    20  app_time.o(i.timer_update)
    uart1_init                               0x08002945   Thumb Code    50  bsp_uart.o(i.uart1_init)
    uart1_send_buffer                        0x08002a79   Thumb Code    98  bsp_uart.o(i.uart1_send_buffer)
    ASCII8x16_Table                          0x08002ae4   Data        1520  font.o(.constdata)
    Region$$Table$$Base                      0x080030ec   Number         0  anon$$obj.o(Region$$Table)
    Region$$Table$$Limit                     0x0800310c   Number         0  anon$$obj.o(Region$$Table)
    SOFTWARE_VERSION                         0x20000018   Data           4  bsp_uart.o(.data)
    HARDWARE_VERSION                         0x2000001c   Data           4  bsp_uart.o(.data)
    boot_flag                                0x20000020   Data           1  bsp_uart.o(.data)
    __stdout                                 0x20000024   Data           4  bsp_uart.o(.data)
    aaa                                      0x20000028   Data           1  bsp_uart.o(.data)
    bbb                                      0x20000029   Data           1  bsp_uart.o(.data)
    systemm_tick_1ms                         0x20000030   Data           8  app_time.o(.data)
    lcd_ID                                   0x20000038   Data           2  app_hmi.o(.data)
    LCD_SCAN_MODE                            0x2000003a   Data           1  app_hmi.o(.data)
    display_background_color                 0x2000003c   Data           2  app_hmi.o(.data)
    frame_end_flag                           0x2000003e   Data           1  app_hmi.o(.data)
    Font8x16                                 0x20000040   Data           8  font.o(.data)
    led_info                                 0x20000048   Data          48  bsp_led.o(.bss)
    USART1_Info                              0x20000078   Data         446  bsp_uart.o(.bss)
    display_info                             0x20000238   Data       38428  app_hmi.o(.bss)
    page_main                                0x20009854   Data          52  app_hmi.o(.bss)
    page_show_pic                            0x20009888   Data          52  app_hmi.o(.bss)
    page_sys_info                            0x200098bc   Data          52  app_hmi.o(.bss)
    display_show                             0x200098f0   Data          16  app_hmi.o(.bss)
    __libspace_start                         0x20009900   Data          96  libspace.o(.bss)
    __temporary_stack_top$libspace           0x20009960   Data           0  libspace.o(.bss)



==============================================================================

Memory Map of the image

  Image Entry point : 0x08000131

  Load Region LR_IROM1 (Base: 0x08000000, Size: 0x00003154, Max: 0x00080000, ABSOLUTE)

    Execution Region ER_IROM1 (Exec base: 0x08000000, Load base: 0x08000000, Size: 0x0000310c, Max: 0x00080000, ABSOLUTE)

    Exec Addr    Load Addr    Size         Type   Attr      Idx    E Section Name        Object

    0x08000000   0x08000000   0x00000130   Data   RO          264    RESET               startup_stm32f10x_hd.o
    0x08000130   0x08000130   0x00000008   Code   RO         3785  * !!!main             c_w.l(__main.o)
    0x08000138   0x08000138   0x00000034   Code   RO         3946    !!!scatter          c_w.l(__scatter.o)
    0x0800016c   0x0800016c   0x0000001a   Code   RO         3948    !!handler_copy      c_w.l(__scatter_copy.o)
    0x08000186   0x08000186   0x00000002   PAD
    0x08000188   0x08000188   0x0000001c   Code   RO         3950    !!handler_zi        c_w.l(__scatter_zi.o)
    0x080001a4   0x080001a4   0x00000002   Code   RO         3818    .ARM.Collect$$libinit$$00000000  c_w.l(libinit.o)
    0x080001a6   0x080001a6   0x00000000   Code   RO         3825    .ARM.Collect$$libinit$$00000002  c_w.l(libinit2.o)
    0x080001a6   0x080001a6   0x00000000   Code   RO         3827    .ARM.Collect$$libinit$$00000004  c_w.l(libinit2.o)
    0x080001a6   0x080001a6   0x00000000   Code   RO         3830    .ARM.Collect$$libinit$$0000000A  c_w.l(libinit2.o)
    0x080001a6   0x080001a6   0x00000000   Code   RO         3832    .ARM.Collect$$libinit$$0000000C  c_w.l(libinit2.o)
    0x080001a6   0x080001a6   0x00000000   Code   RO         3834    .ARM.Collect$$libinit$$0000000E  c_w.l(libinit2.o)
    0x080001a6   0x080001a6   0x00000000   Code   RO         3837    .ARM.Collect$$libinit$$00000011  c_w.l(libinit2.o)
    0x080001a6   0x080001a6   0x00000000   Code   RO         3839    .ARM.Collect$$libinit$$00000013  c_w.l(libinit2.o)
    0x080001a6   0x080001a6   0x00000000   Code   RO         3841    .ARM.Collect$$libinit$$00000015  c_w.l(libinit2.o)
    0x080001a6   0x080001a6   0x00000000   Code   RO         3843    .ARM.Collect$$libinit$$00000017  c_w.l(libinit2.o)
    0x080001a6   0x080001a6   0x00000000   Code   RO         3845    .ARM.Collect$$libinit$$00000019  c_w.l(libinit2.o)
    0x080001a6   0x080001a6   0x00000000   Code   RO         3847    .ARM.Collect$$libinit$$0000001B  c_w.l(libinit2.o)
    0x080001a6   0x080001a6   0x00000000   Code   RO         3849    .ARM.Collect$$libinit$$0000001D  c_w.l(libinit2.o)
    0x080001a6   0x080001a6   0x00000000   Code   RO         3851    .ARM.Collect$$libinit$$0000001F  c_w.l(libinit2.o)
    0x080001a6   0x080001a6   0x00000000   Code   RO         3853    .ARM.Collect$$libinit$$00000021  c_w.l(libinit2.o)
    0x080001a6   0x080001a6   0x00000000   Code   RO         3855    .ARM.Collect$$libinit$$00000023  c_w.l(libinit2.o)
    0x080001a6   0x080001a6   0x00000000   Code   RO         3857    .ARM.Collect$$libinit$$00000025  c_w.l(libinit2.o)
    0x080001a6   0x080001a6   0x00000000   Code   RO         3861    .ARM.Collect$$libinit$$0000002C  c_w.l(libinit2.o)
    0x080001a6   0x080001a6   0x00000000   Code   RO         3863    .ARM.Collect$$libinit$$0000002E  c_w.l(libinit2.o)
    0x080001a6   0x080001a6   0x00000000   Code   RO         3865    .ARM.Collect$$libinit$$00000030  c_w.l(libinit2.o)
    0x080001a6   0x080001a6   0x00000000   Code   RO         3867    .ARM.Collect$$libinit$$00000032  c_w.l(libinit2.o)
    0x080001a6   0x080001a6   0x00000002   Code   RO         3868    .ARM.Collect$$libinit$$00000033  c_w.l(libinit2.o)
    0x080001a8   0x080001a8   0x00000002   Code   RO         3886    .ARM.Collect$$libshutdown$$00000000  c_w.l(libshutdown.o)
    0x080001aa   0x080001aa   0x00000000   Code   RO         3896    .ARM.Collect$$libshutdown$$00000002  c_w.l(libshutdown2.o)
    0x080001aa   0x080001aa   0x00000000   Code   RO         3898    .ARM.Collect$$libshutdown$$00000004  c_w.l(libshutdown2.o)
    0x080001aa   0x080001aa   0x00000000   Code   RO         3900    .ARM.Collect$$libshutdown$$00000006  c_w.l(libshutdown2.o)
    0x080001aa   0x080001aa   0x00000000   Code   RO         3903    .ARM.Collect$$libshutdown$$00000009  c_w.l(libshutdown2.o)
    0x080001aa   0x080001aa   0x00000000   Code   RO         3906    .ARM.Collect$$libshutdown$$0000000C  c_w.l(libshutdown2.o)
    0x080001aa   0x080001aa   0x00000000   Code   RO         3908    .ARM.Collect$$libshutdown$$0000000E  c_w.l(libshutdown2.o)
    0x080001aa   0x080001aa   0x00000000   Code   RO         3911    .ARM.Collect$$libshutdown$$00000011  c_w.l(libshutdown2.o)
    0x080001aa   0x080001aa   0x00000002   Code   RO         3912    .ARM.Collect$$libshutdown$$00000012  c_w.l(libshutdown2.o)
    0x080001ac   0x080001ac   0x00000000   Code   RO         3789    .ARM.Collect$$rtentry$$00000000  c_w.l(__rtentry.o)
    0x080001ac   0x080001ac   0x00000000   Code   RO         3795    .ARM.Collect$$rtentry$$00000002  c_w.l(__rtentry2.o)
    0x080001ac   0x080001ac   0x00000006   Code   RO         3807    .ARM.Collect$$rtentry$$00000004  c_w.l(__rtentry4.o)
    0x080001b2   0x080001b2   0x00000000   Code   RO         3797    .ARM.Collect$$rtentry$$00000009  c_w.l(__rtentry2.o)
    0x080001b2   0x080001b2   0x00000004   Code   RO         3798    .ARM.Collect$$rtentry$$0000000A  c_w.l(__rtentry2.o)
    0x080001b6   0x080001b6   0x00000000   Code   RO         3800    .ARM.Collect$$rtentry$$0000000C  c_w.l(__rtentry2.o)
    0x080001b6   0x080001b6   0x00000008   Code   RO         3801    .ARM.Collect$$rtentry$$0000000D  c_w.l(__rtentry2.o)
    0x080001be   0x080001be   0x00000002   Code   RO         3822    .ARM.Collect$$rtexit$$00000000  c_w.l(rtexit.o)
    0x080001c0   0x080001c0   0x00000000   Code   RO         3870    .ARM.Collect$$rtexit$$00000002  c_w.l(rtexit2.o)
    0x080001c0   0x080001c0   0x00000004   Code   RO         3871    .ARM.Collect$$rtexit$$00000003  c_w.l(rtexit2.o)
    0x080001c4   0x080001c4   0x00000006   Code   RO         3872    .ARM.Collect$$rtexit$$00000004  c_w.l(rtexit2.o)
    0x080001ca   0x080001ca   0x00000002   PAD
    0x080001cc   0x080001cc   0x00000040   Code   RO          265    .text               startup_stm32f10x_hd.o
    0x0800020c   0x0800020c   0x00000002   Code   RO         3775    .text               c_w.l(use_no_semi_2.o)
    0x0800020e   0x0800020e   0x0000003e   Code   RO         3777    .text               c_w.l(strlen.o)
    0x0800024c   0x0800024c   0x0000008a   Code   RO         3779    .text               c_w.l(rt_memcpy_v6.o)
    0x080002d6   0x080002d6   0x00000044   Code   RO         3781    .text               c_w.l(rt_memclr.o)
    0x0800031a   0x0800031a   0x00000006   Code   RO         3783    .text               c_w.l(heapauxi.o)
    0x08000320   0x08000320   0x00000002   Code   RO         3787    .text               c_w.l(use_no_semi.o)
    0x08000322   0x08000322   0x00000064   Code   RO         3790    .text               c_w.l(rt_memcpy_w.o)
    0x08000386   0x08000386   0x0000004e   Code   RO         3792    .text               c_w.l(rt_memclr_w.o)
    0x080003d4   0x080003d4   0x0000004a   Code   RO         3809    .text               c_w.l(sys_stackheap_outer.o)
    0x0800041e   0x0800041e   0x00000012   Code   RO         3811    .text               c_w.l(exit.o)
    0x08000430   0x08000430   0x00000008   Code   RO         3819    .text               c_w.l(libspace.o)
    0x08000438   0x08000438   0x00000004   Code   RO          183    i.BusFault_Handler  stm32f10x_it.o
    0x0800043c   0x0800043c   0x00000020   Code   RO         3323    i.DMA1_Channel4_IRQHandler  bsp_fsmc.o
    0x0800045c   0x0800045c   0x0000001c   Code   RO          995    i.DMA_ClearITPendingBit  stm32f10x_dma.o
    0x08000478   0x08000478   0x00000018   Code   RO          996    i.DMA_Cmd           stm32f10x_dma.o
    0x08000490   0x08000490   0x00000008   Code   RO          998    i.DMA_GetCurrDataCounter  stm32f10x_dma.o
    0x08000498   0x08000498   0x0000002c   Code   RO         1000    i.DMA_GetITStatus   stm32f10x_dma.o
    0x080004c4   0x080004c4   0x00000012   Code   RO         1001    i.DMA_ITConfig      stm32f10x_dma.o
    0x080004d6   0x080004d6   0x0000003c   Code   RO         1002    i.DMA_Init          stm32f10x_dma.o
    0x08000512   0x08000512   0x00000004   Code   RO         1003    i.DMA_SetCurrDataCounter  stm32f10x_dma.o
    0x08000516   0x08000516   0x00000002   Code   RO          184    i.DebugMon_Handler  stm32f10x_it.o
    0x08000518   0x08000518   0x00000034   Code   RO         1305    i.FSMC_NORSRAMCmd   stm32f10x_fsmc.o
    0x0800054c   0x0800054c   0x000000e6   Code   RO         1307    i.FSMC_NORSRAMInit  stm32f10x_fsmc.o
    0x08000632   0x08000632   0x00000116   Code   RO         1420    i.GPIO_Init         stm32f10x_gpio.o
    0x08000748   0x08000748   0x00000090   Code   RO         1422    i.GPIO_PinRemapConfig  stm32f10x_gpio.o
    0x080007d8   0x080007d8   0x00000004   Code   RO         1427    i.GPIO_ResetBits    stm32f10x_gpio.o
    0x080007dc   0x080007dc   0x00000004   Code   RO         1428    i.GPIO_SetBits      stm32f10x_gpio.o
    0x080007e0   0x080007e0   0x00000054   Code   RO          185    i.HardFault_Handler  stm32f10x_it.o
    0x08000834   0x08000834   0x00000004   Code   RO          186    i.MemManage_Handler  stm32f10x_it.o
    0x08000838   0x08000838   0x00000002   Code   RO          187    i.NMI_Handler       stm32f10x_it.o
    0x0800083a   0x0800083a   0x00000002   PAD
    0x0800083c   0x0800083c   0x00000070   Code   RO          269    i.NVIC_Init         misc.o
    0x080008ac   0x080008ac   0x00000014   Code   RO          270    i.NVIC_PriorityGroupConfig  misc.o
    0x080008c0   0x080008c0   0x00000002   Code   RO          188    i.PendSV_Handler    stm32f10x_it.o
    0x080008c2   0x080008c2   0x00000002   PAD
    0x080008c4   0x080008c4   0x00000020   Code   RO         1835    i.RCC_AHBPeriphClockCmd  stm32f10x_rcc.o
    0x080008e4   0x080008e4   0x00000020   Code   RO         1836    i.RCC_APB1PeriphClockCmd  stm32f10x_rcc.o
    0x08000904   0x08000904   0x00000020   Code   RO         1838    i.RCC_APB2PeriphClockCmd  stm32f10x_rcc.o
    0x08000924   0x08000924   0x000000d4   Code   RO         1846    i.RCC_GetClocksFreq  stm32f10x_rcc.o
    0x080009f8   0x080009f8   0x00000018   Code   RO         2315    i.SPI_Cmd           stm32f10x_spi.o
    0x08000a10   0x08000a10   0x0000003c   Code   RO         2328    i.SPI_Init          stm32f10x_spi.o
    0x08000a4c   0x08000a4c   0x00000002   Code   RO          189    i.SVC_Handler       stm32f10x_it.o
    0x08000a4e   0x08000a4e   0x00000008   Code   RO          149    i.SetSysClock       system_stm32f10x.o
    0x08000a56   0x08000a56   0x00000002   PAD
    0x08000a58   0x08000a58   0x000000e0   Code   RO          150    i.SetSysClockTo72   system_stm32f10x.o
    0x08000b38   0x08000b38   0x00000002   Code   RO          190    i.SysTick_Handler   stm32f10x_it.o
    0x08000b3a   0x08000b3a   0x00000002   PAD
    0x08000b3c   0x08000b3c   0x00000060   Code   RO          152    i.SystemInit        system_stm32f10x.o
    0x08000b9c   0x08000b9c   0x00000020   Code   RO         3271    i.TIM6_IRQHandler   bsp_timer.o
    0x08000bbc   0x08000bbc   0x00000018   Code   RO         2458    i.TIM_ARRPreloadConfig  stm32f10x_tim.o
    0x08000bd4   0x08000bd4   0x00000006   Code   RO         2464    i.TIM_ClearFlag     stm32f10x_tim.o
    0x08000bda   0x08000bda   0x00000006   Code   RO         2465    i.TIM_ClearITPendingBit  stm32f10x_tim.o
    0x08000be0   0x08000be0   0x00000018   Code   RO         2470    i.TIM_Cmd           stm32f10x_tim.o
    0x08000bf8   0x08000bf8   0x00000022   Code   RO         2491    i.TIM_GetITStatus   stm32f10x_tim.o
    0x08000c1a   0x08000c1a   0x00000012   Code   RO         2495    i.TIM_ITConfig      stm32f10x_tim.o
    0x08000c2c   0x08000c2c   0x000000a4   Code   RO         2504    i.TIM_OC2Init       stm32f10x_tim.o
    0x08000cd0   0x08000cd0   0x0000001a   Code   RO         2507    i.TIM_OC2PreloadConfig  stm32f10x_tim.o
    0x08000cea   0x08000cea   0x00000002   PAD
    0x08000cec   0x08000cec   0x000000a0   Code   RO         2509    i.TIM_OC3Init       stm32f10x_tim.o
    0x08000d8c   0x08000d8c   0x00000012   Code   RO         2512    i.TIM_OC3PreloadConfig  stm32f10x_tim.o
    0x08000d9e   0x08000d9e   0x00000002   PAD
    0x08000da0   0x08000da0   0x0000007c   Code   RO         2514    i.TIM_OC4Init       stm32f10x_tim.o
    0x08000e1c   0x08000e1c   0x0000001a   Code   RO         2516    i.TIM_OC4PreloadConfig  stm32f10x_tim.o
    0x08000e36   0x08000e36   0x00000002   PAD
    0x08000e38   0x08000e38   0x000000a4   Code   RO         2541    i.TIM_TimeBaseInit  stm32f10x_tim.o
    0x08000edc   0x08000edc   0x00000060   Code   RO         3362    i.USART1_IRQHandler  bsp_uart.o
    0x08000f3c   0x08000f3c   0x0000001e   Code   RO         3003    i.USART_ClearITPendingBit  stm32f10x_usart.o
    0x08000f5a   0x08000f5a   0x00000018   Code   RO         3006    i.USART_Cmd         stm32f10x_usart.o
    0x08000f72   0x08000f72   0x00000012   Code   RO         3007    i.USART_DMACmd      stm32f10x_usart.o
    0x08000f84   0x08000f84   0x0000001a   Code   RO         3009    i.USART_GetFlagStatus  stm32f10x_usart.o
    0x08000f9e   0x08000f9e   0x00000054   Code   RO         3010    i.USART_GetITStatus  stm32f10x_usart.o
    0x08000ff2   0x08000ff2   0x0000004a   Code   RO         3012    i.USART_ITConfig    stm32f10x_usart.o
    0x0800103c   0x0800103c   0x000000d8   Code   RO         3013    i.USART_Init        stm32f10x_usart.o
    0x08001114   0x08001114   0x0000000a   Code   RO         3020    i.USART_ReceiveData  stm32f10x_usart.o
    0x0800111e   0x0800111e   0x00000008   Code   RO         3023    i.USART_SendData    stm32f10x_usart.o
    0x08001126   0x08001126   0x00000004   Code   RO          191    i.UsageFault_Handler  stm32f10x_it.o
    0x0800112a   0x0800112a   0x00000002   PAD
    0x0800112c   0x0800112c   0x00000028   Code   RO         3507    i.W25Q64BV_init     app_flash.o
    0x08001154   0x08001154   0x00000048   Code   RO         3510    i.W25Q64BV_read_jedce_ID  app_flash.o
    0x0800119c   0x0800119c   0x00000004   Code   RO         3363    i._sys_exit         bsp_uart.o
    0x080011a0   0x080011a0   0x0000000c   Code   RO         3582    i.clock_time        app_time.o
    0x080011ac   0x080011ac   0x00000010   Code   RO         3364    i.deal_cmd_boot     bsp_uart.o
    0x080011bc   0x080011bc   0x0000007c   Code   RO         3365    i.deal_cmd_display_event  bsp_uart.o
    0x08001238   0x08001238   0x00000002   Code   RO         3366    i.deal_cmd_heart_beat  bsp_uart.o
    0x0800123a   0x0800123a   0x00000002   PAD
    0x0800123c   0x0800123c   0x000000b4   Code   RO         3367    i.deal_cmd_receive_pic  bsp_uart.o
    0x080012f0   0x080012f0   0x000000e0   Code   RO         3633    i.deal_key_event    app_hmi.o
    0x080013d0   0x080013d0   0x0000005c   Code   RO         3368    i.deal_led_set_cmd  bsp_uart.o
    0x0800142c   0x0800142c   0x00000024   Code   RO         3634    i.display_backled_control  app_hmi.o
    0x08001450   0x08001450   0x00000010   Code   RO         3636    i.display_delay     app_hmi.o
    0x08001460   0x08001460   0x00000090   Code   RO         3637    i.display_gram_scan  app_hmi.o
    0x080014f0   0x080014f0   0x00000030   Code   RO         3638    i.display_init      app_hmi.o
    0x08001520   0x08001520   0x00000170   Code   RO         3639    i.display_init_windows  app_hmi.o
    0x08001690   0x08001690   0x0000016c   Code   RO         3640    i.display_loop      app_hmi.o
    0x080017fc   0x080017fc   0x00000058   Code   RO         3641    i.display_open_window  app_hmi.o
    0x08001854   0x08001854   0x00000064   Code   RO         3642    i.display_read_ID   app_hmi.o
    0x080018b8   0x080018b8   0x0000000c   Code   RO         3643    i.display_read_data  app_hmi.o
    0x080018c4   0x080018c4   0x00000244   Code   RO         3645    i.display_reg_config  app_hmi.o
    0x08001b08   0x08001b08   0x00000028   Code   RO         3646    i.display_reset     app_hmi.o
    0x08001b30   0x08001b30   0x000000ac   Code   RO         3647    i.display_show_char  app_hmi.o
    0x08001bdc   0x08001bdc   0x00000058   Code   RO         3648    i.display_show_index  app_hmi.o
    0x08001c34   0x08001c34   0x0000005c   Code   RO         3649    i.display_show_str  app_hmi.o
    0x08001c90   0x08001c90   0x00000008   Code   RO         3650    i.display_write_cmd  app_hmi.o
    0x08001c98   0x08001c98   0x0000000c   Code   RO         3651    i.display_write_data  app_hmi.o
    0x08001ca4   0x08001ca4   0x00000084   Code   RO         3324    i.fsmc_dma_config   bsp_fsmc.o
    0x08001d28   0x08001d28   0x00000024   Code   RO         3325    i.fsmc_dma_send     bsp_fsmc.o
    0x08001d4c   0x08001d4c   0x00000274   Code   RO         3326    i.fsmc_gpio_config  bsp_fsmc.o
    0x08001fc0   0x08001fc0   0x0000006a   Code   RO         3327    i.fsmc_mode_config  bsp_fsmc.o
    0x0800202a   0x0800202a   0x00000002   PAD
    0x0800202c   0x0800202c   0x0000012c   Code   RO         3236    i.led_init          bsp_led.o
    0x08002158   0x08002158   0x00000024   Code   RO         3237    i.led_set_color     bsp_led.o
    0x0800217c   0x0800217c   0x00000040   Code   RO         3238    i.led_switch        bsp_led.o
    0x080021bc   0x080021bc   0x000000c8   Code   RO         3239    i.led_task          bsp_led.o
    0x08002284   0x08002284   0x00000034   Code   RO            2    i.main              main.o
    0x080022b8   0x080022b8   0x00000138   Code   RO         3370    i.message_deal      bsp_uart.o
    0x080023f0   0x080023f0   0x00000036   Code   RO         3371    i.message_find_head  bsp_uart.o
    0x08002426   0x08002426   0x00000002   PAD
    0x08002428   0x08002428   0x00000020   Code   RO         3372    i.message_loop      bsp_uart.o
    0x08002448   0x08002448   0x0000000c   Code   RO         3373    i.message_send      bsp_uart.o
    0x08002454   0x08002454   0x00000034   Code   RO         3374    i.ring_buffer_empty_or_full  bsp_uart.o
    0x08002488   0x08002488   0x00000044   Code   RO         3375    i.ring_buffer_get_data  bsp_uart.o
    0x080024cc   0x080024cc   0x00000036   Code   RO         3376    i.ring_buffer_peek_data  bsp_uart.o
    0x08002502   0x08002502   0x0000005a   Code   RO         3377    i.ring_buffer_push_data  bsp_uart.o
    0x0800255c   0x0800255c   0x00000144   Code   RO         3378    i.send_boot         bsp_uart.o
    0x080026a0   0x080026a0   0x00000088   Code   RO         3379    i.send_heart_beat   bsp_uart.o
    0x08002728   0x08002728   0x0000007c   Code   RO         3290    i.spi1_gpio_config  bsp_spi.o
    0x080027a4   0x080027a4   0x0000000c   Code   RO         3291    i.spi1_init         bsp_spi.o
    0x080027b0   0x080027b0   0x0000005c   Code   RO         3292    i.spi1_mode_config  bsp_spi.o
    0x0800280c   0x0800280c   0x00000030   Code   RO         3293    i.spi1_send_byte    bsp_spi.o
    0x0800283c   0x0800283c   0x00000060   Code   RO         3272    i.timer6_init       bsp_timer.o
    0x0800289c   0x0800289c   0x0000002a   Code   RO         3583    i.timer_expired     app_time.o
    0x080028c6   0x080028c6   0x0000000e   Code   RO         3586    i.timer_restart     app_time.o
    0x080028d4   0x080028d4   0x00000012   Code   RO         3587    i.timer_set         app_time.o
    0x080028e6   0x080028e6   0x00000002   PAD
    0x080028e8   0x080028e8   0x00000018   Code   RO         3588    i.timer_update      app_time.o
    0x08002900   0x08002900   0x00000044   Code   RO         3380    i.uart1_gpio_config  bsp_uart.o
    0x08002944   0x08002944   0x00000038   Code   RO         3381    i.uart1_init        bsp_uart.o
    0x0800297c   0x0800297c   0x000000fc   Code   RO         3382    i.uart1_mode_config  bsp_uart.o
    0x08002a78   0x08002a78   0x0000006c   Code   RO         3383    i.uart1_send_buffer  bsp_uart.o
    0x08002ae4   0x08002ae4   0x000005f0   Data   RO         3760    .constdata          font.o
    0x080030d4   0x080030d4   0x00000015   Data   RO         3385    .conststring        bsp_uart.o
    0x080030e9   0x080030e9   0x00000003   PAD
    0x080030ec   0x080030ec   0x00000020   Data   RO         3944    Region$$Table       anon$$obj.o


    Execution Region RW_IRAM1 (Exec base: 0x20000000, Load base: 0x0800310c, Size: 0x0000a360, Max: 0x00010000, ABSOLUTE)

    Exec Addr    Load Addr    Size         Type   Attr      Idx    E Section Name        Object

    0x20000000   0x0800310c   0x00000001   Data   RW          192    .data               stm32f10x_it.o
    0x20000001   0x0800310d   0x00000014   Data   RW         1866    .data               stm32f10x_rcc.o
    0x20000015   0x08003121   0x00000002   Data   RW         3241    .data               bsp_led.o
    0x20000017   0x08003123   0x00000001   PAD
    0x20000018   0x08003124   0x00000015   Data   RW         3386    .data               bsp_uart.o
    0x2000002d   0x08003139   0x00000003   PAD
    0x20000030   0x0800313c   0x00000008   Data   RW         3589    .data               app_time.o
    0x20000038   0x08003144   0x00000007   Data   RW         3653    .data               app_hmi.o
    0x2000003f   0x0800314b   0x00000001   PAD
    0x20000040   0x0800314c   0x00000008   Data   RW         3761    .data               font.o
    0x20000048        -       0x00000030   Zero   RW         3240    .bss                bsp_led.o
    0x20000078        -       0x000001be   Zero   RW         3384    .bss                bsp_uart.o
    0x20000236   0x08003154   0x00000002   PAD
    0x20000238        -       0x000096c8   Zero   RW         3652    .bss                app_hmi.o
    0x20009900        -       0x00000060   Zero   RW         3820    .bss                c_w.l(libspace.o)
    0x20009960        -       0x00000400   Zero   RW          263    HEAP                startup_stm32f10x_hd.o
    0x20009d60        -       0x00000600   Zero   RW          262    STACK               startup_stm32f10x_hd.o


==============================================================================

Image component sizes


      Code (inc. data)   RO Data    RW Data    ZI Data      Debug   Object Name

       112         12          0          0          0       1113   app_flash.o
      2392        270          0          7      38600      12585   app_hmi.o
       110         10          0          8          0       2967   app_time.o
       934         32          0          0          0       3075   bsp_fsmc.o
       600         54          0          2         48       3025   bsp_led.o
       276         20          0          0          0       1937   bsp_spi.o
       128         10          0          0          0        992   bsp_timer.o
      2132        130         21         21        446      14773   bsp_uart.o
         0          0          0          0          0         32   core_cm3.o
         0          0       1520          8          0        907   font.o
        52          0          0          0          0     278227   main.o
       132         22          0          0          0       1503   misc.o
        64         26        304          0       2560        812   startup_stm32f10x_hd.o
       186         18          0          0          0       5540   stm32f10x_dma.o
       282          6          0          0          0       1785   stm32f10x_fsmc.o
       430          6          0          0          0       3822   stm32f10x_gpio.o
       106         14          0          1          0       4102   stm32f10x_it.o
       308         38          0         20          0       4946   stm32f10x_rcc.o
        84          0          0          0          0       2097   stm32f10x_spi.o
       794         72          0          0          0       8392   stm32f10x_tim.o
       490          6          0          0          0       7298   stm32f10x_usart.o
       328         28          0          0          0       1965   system_stm32f10x.o

    ----------------------------------------------------------------------
      9964        774       1880         72      41656     361895   Object Totals
         0          0         32          0          0          0   (incl. Generated)
        24          0          3          5          2          0   (incl. Padding)

    ----------------------------------------------------------------------

      Code (inc. data)   RO Data    RW Data    ZI Data      Debug   Library Member Name

         8          0          0          0          0         68   __main.o
         0          0          0          0          0          0   __rtentry.o
        12          0          0          0          0          0   __rtentry2.o
         6          0          0          0          0          0   __rtentry4.o
        52          8          0          0          0          0   __scatter.o
        26          0          0          0          0          0   __scatter_copy.o
        28          0          0          0          0          0   __scatter_zi.o
        18          0          0          0          0         80   exit.o
         6          0          0          0          0        152   heapauxi.o
         2          0          0          0          0          0   libinit.o
         2          0          0          0          0          0   libinit2.o
         2          0          0          0          0          0   libshutdown.o
         2          0          0          0          0          0   libshutdown2.o
         8          4          0          0         96         68   libspace.o
        68          0          0          0          0         68   rt_memclr.o
        78          0          0          0          0         80   rt_memclr_w.o
       138          0          0          0          0         68   rt_memcpy_v6.o
       100          0          0          0          0         80   rt_memcpy_w.o
         2          0          0          0          0          0   rtexit.o
        10          0          0          0          0          0   rtexit2.o
        62          0          0          0          0         76   strlen.o
        74          0          0          0          0         80   sys_stackheap_outer.o
         2          0          0          0          0         68   use_no_semi.o
         2          0          0          0          0         68   use_no_semi_2.o

    ----------------------------------------------------------------------
       712         12          0          0         96        956   Library Totals
         4          0          0          0          0          0   (incl. Padding)

    ----------------------------------------------------------------------

      Code (inc. data)   RO Data    RW Data    ZI Data      Debug   Library Name

       708         12          0          0         96        956   c_w.l

    ----------------------------------------------------------------------
       712         12          0          0         96        956   Library Totals

    ----------------------------------------------------------------------

==============================================================================


      Code (inc. data)   RO Data    RW Data    ZI Data      Debug   

     10676        786       1880         72      41752     356711   Grand Totals
     10676        786       1880         72      41752     356711   ELF Image Totals
     10676        786       1880         72          0          0   ROM Totals

==============================================================================

    Total RO  Size (Code + RO Data)                12556 (  12.26kB)
    Total RW  Size (RW Data + ZI Data)             41824 (  40.84kB)
    Total ROM Size (Code + RO Data + RW Data)      12628 (  12.33kB)

==============================================================================

